C:\Users\xlouzal00\Documents\MCUXpressoIDE_24.12.148\workspace\SerialConsole_LEDControl\drivers/fsl_common_arm.h:232:20:_SDK_AtomicLocalClearAndSet4Byte	48	static
C:\Users\xlouzal00\Documents\MCUXpressoIDE_24.12.148\workspace\SerialConsole_LEDControl\drivers/fsl_clock.h:1465:20:CLOCK_ControlGate	32	static
C:\Users\xlouzal00\Documents\MCUXpressoIDE_24.12.148\workspace\SerialConsole_LEDControl\drivers/fsl_clock.h:1482:20:CLOCK_EnableClock	16	static
C:\Users\xlouzal00\Documents\MCUXpressoIDE_24.12.148\workspace\SerialConsole_LEDControl\drivers/fsl_iomuxc.h:1092:20:IOMUXC_SetPinMux	24	static
C:\Users\xlouzal00\Documents\MCUXpressoIDE_24.12.148\workspace\SerialConsole_LEDControl\drivers/fsl_iomuxc.h:1124:20:IOMUXC_SetPinConfig	24	static
../board/pin_mux.c:230:6:BOARD_InitBootPins	8	static
../board/pin_mux.c:249:7:BOARD_InitPins	24	static
../board/pin_mux.c:286:6:BOARD_InitDEBUG_UARTPins	16	static
../board/pin_mux.c:349:6:BOARD_InitSDRAMPins	16	static
../board/pin_mux.c:425:6:BOARD_InitCSIPins	16	static
../board/pin_mux.c:483:6:BOARD_InitLCDPins	16	static
../board/pin_mux.c:547:6:BOARD_InitCANPins	16	static
../board/pin_mux.c:579:6:BOARD_InitENETPins	16	static
../board/pin_mux.c:615:6:BOARD_InitUSDHCPins	16	static
../board/pin_mux.c:653:6:BOARD_InitHyperFlashPins	16	static
