Archive member included to satisfy reference by file (symbol)

C:/nxp/MCUXpressoIDE_24.12.148/ide/plugins/com.nxp.mcuxpresso.tools.win32_24.12.0.202407110909/tools/bin/../lib/gcc/arm-none-eabi/13.2.1/../../../../arm-none-eabi/lib/thumb/v7e-m+fp/hard\libcr_nohost_nf.a(_cr__main.o)
                              ./startup/startup_mimxrt1052.o (__main)
C:/nxp/MCUXpressoIDE_24.12.148/ide/plugins/com.nxp.mcuxpresso.tools.win32_24.12.0.202407110909/tools/bin/../lib/gcc/arm-none-eabi/13.2.1/../../../../arm-none-eabi/lib/thumb/v7e-m+fp/hard\libcr_c.a(memcpy.o)
                              ./utilities/str/fsl_str.o (memcpy)
C:/nxp/MCUXpressoIDE_24.12.148/ide/plugins/com.nxp.mcuxpresso.tools.win32_24.12.0.202407110909/tools/bin/../lib/gcc/arm-none-eabi/13.2.1/../../../../arm-none-eabi/lib/thumb/v7e-m+fp/hard\libcr_c.a(memset.o)
                              ./drivers/fsl_dcdc.o (memset)
C:/nxp/MCUXpressoIDE_24.12.148/ide/plugins/com.nxp.mcuxpresso.tools.win32_24.12.0.202407110909/tools/bin/../lib/gcc/arm-none-eabi/13.2.1/../../../../arm-none-eabi/lib/thumb/v7e-m+fp/hard\libcr_c.a(alloc.o)
                              ./drivers/fsl_common.o (malloc)
C:/nxp/MCUXpressoIDE_24.12.148/ide/plugins/com.nxp.mcuxpresso.tools.win32_24.12.0.202407110909/tools/bin/../lib/gcc/arm-none-eabi/13.2.1/../../../../arm-none-eabi/lib/thumb/v7e-m+fp/hard\libcr_c.a(errno.o)
                              ./utilities/str/fsl_str.o (errno)
C:/nxp/MCUXpressoIDE_24.12.148/ide/plugins/com.nxp.mcuxpresso.tools.win32_24.12.0.202407110909/tools/bin/../lib/gcc/arm-none-eabi/13.2.1/../../../../arm-none-eabi/lib/thumb/v7e-m+fp/hard\libcr_c.a(initio.o)
                              C:/nxp/MCUXpressoIDE_24.12.148/ide/plugins/com.nxp.mcuxpresso.tools.win32_24.12.0.202407110909/tools/bin/../lib/gcc/arm-none-eabi/13.2.1/../../../../arm-none-eabi/lib/thumb/v7e-m+fp/hard\libcr_nohost_nf.a(_cr__main.o) (_initio)
C:/nxp/MCUXpressoIDE_24.12.148/ide/plugins/com.nxp.mcuxpresso.tools.win32_24.12.0.202407110909/tools/bin/../lib/gcc/arm-none-eabi/13.2.1/../../../../arm-none-eabi/lib/thumb/v7e-m+fp/hard\libcr_c.a(scanf.o)
                              ./utilities/str/fsl_str.o (strtoul)
C:/nxp/MCUXpressoIDE_24.12.148/ide/plugins/com.nxp.mcuxpresso.tools.win32_24.12.0.202407110909/tools/bin/../lib/gcc/arm-none-eabi/13.2.1/../../../../arm-none-eabi/lib/thumb/v7e-m+fp/hard\libcr_c.a(setvbuf.o)
                              C:/nxp/MCUXpressoIDE_24.12.148/ide/plugins/com.nxp.mcuxpresso.tools.win32_24.12.0.202407110909/tools/bin/../lib/gcc/arm-none-eabi/13.2.1/../../../../arm-none-eabi/lib/thumb/v7e-m+fp/hard\libcr_c.a(initio.o) (setvbuf)
C:/nxp/MCUXpressoIDE_24.12.148/ide/plugins/com.nxp.mcuxpresso.tools.win32_24.12.0.202407110909/tools/bin/../lib/gcc/arm-none-eabi/13.2.1/../../../../arm-none-eabi/lib/thumb/v7e-m+fp/hard\libcr_c.a(strlen.o)
                              ./utilities/str/fsl_str.o (strlen)
C:/nxp/MCUXpressoIDE_24.12.148/ide/plugins/com.nxp.mcuxpresso.tools.win32_24.12.0.202407110909/tools/bin/../lib/gcc/arm-none-eabi/13.2.1/../../../../arm-none-eabi/lib/thumb/v7e-m+fp/hard\libcr_c.a(ungetc.o)
                              C:/nxp/MCUXpressoIDE_24.12.148/ide/plugins/com.nxp.mcuxpresso.tools.win32_24.12.0.202407110909/tools/bin/../lib/gcc/arm-none-eabi/13.2.1/../../../../arm-none-eabi/lib/thumb/v7e-m+fp/hard\libcr_c.a(scanf.o) (ungetc)
C:/nxp/MCUXpressoIDE_24.12.148/ide/plugins/com.nxp.mcuxpresso.tools.win32_24.12.0.202407110909/tools/bin/../lib/gcc/arm-none-eabi/13.2.1/../../../../arm-none-eabi/lib/thumb/v7e-m+fp/hard\libcr_c.a(__fillbuf.o)
                              C:/nxp/MCUXpressoIDE_24.12.148/ide/plugins/com.nxp.mcuxpresso.tools.win32_24.12.0.202407110909/tools/bin/../lib/gcc/arm-none-eabi/13.2.1/../../../../arm-none-eabi/lib/thumb/v7e-m+fp/hard\libcr_c.a(scanf.o) (__filbuf)
C:/nxp/MCUXpressoIDE_24.12.148/ide/plugins/com.nxp.mcuxpresso.tools.win32_24.12.0.202407110909/tools/bin/../lib/gcc/arm-none-eabi/13.2.1/../../../../arm-none-eabi/lib/thumb/v7e-m+fp/hard\libcr_c.a(__init_alloc.o)
                              C:/nxp/MCUXpressoIDE_24.12.148/ide/plugins/com.nxp.mcuxpresso.tools.win32_24.12.0.202407110909/tools/bin/../lib/gcc/arm-none-eabi/13.2.1/../../../../arm-none-eabi/lib/thumb/v7e-m+fp/hard\libcr_c.a(alloc.o) (__heaps)
C:/nxp/MCUXpressoIDE_24.12.148/ide/plugins/com.nxp.mcuxpresso.tools.win32_24.12.0.202407110909/tools/bin/../lib/gcc/arm-none-eabi/13.2.1/../../../../arm-none-eabi/lib/thumb/v7e-m+fp/hard\libcr_c.a(_cr_sbrk.o)
                              C:/nxp/MCUXpressoIDE_24.12.148/ide/plugins/com.nxp.mcuxpresso.tools.win32_24.12.0.202407110909/tools/bin/../lib/gcc/arm-none-eabi/13.2.1/../../../../arm-none-eabi/lib/thumb/v7e-m+fp/hard\libcr_c.a(alloc.o) (_sbrk)
C:/nxp/MCUXpressoIDE_24.12.148/ide/plugins/com.nxp.mcuxpresso.tools.win32_24.12.0.202407110909/tools/bin/../lib/gcc/arm-none-eabi/13.2.1/../../../../arm-none-eabi/lib/thumb/v7e-m+fp/hard\libcr_c.a(_deferredlazyseek.o)
[...]
Memory Configuration

Name             Origin             Length             Attributes
BOARD_FLASH      0x60000000         0x04000000         xr
SRAM_DTC         0x20000000         0x00020000         xrw
SRAM_ITC         0x00000000         0x00020000         xrw
SRAM_OC          0x20200000         0x00040000         xrw
BOARD_SDRAM      0x80000000         0x01e00000         xrw
NCACHE_REGION    0x81e00000         0x00200000         xrw
*default*        0x00000000         0xffffffff

Linker script and memory map

LOAD ./xip/dcd.o
LOAD ./xip/evkbimxrt1050_flexspi_nor_config.o
LOAD ./xip/fsl_flexspi_nor_boot.o
LOAD ./utilities/str/fsl_str.o
LOAD ./utilities/debug_console_lite/fsl_debug_console.o
LOAD ./utilities/fsl_assert.o
LOAD ./startup/startup_mimxrt1052.o
LOAD ./source/SerialConsole_LEDControl.o
LOAD ./source/semihost_hardfault.o
LOAD ./drivers/fsl_clock.o
LOAD ./drivers/fsl_common.o
LOAD ./drivers/fsl_common_arm.o
LOAD ./drivers/fsl_dcdc.o
LOAD ./drivers/fsl_gpc.o
LOAD ./drivers/fsl_gpio.o
LOAD ./drivers/fsl_lpuart.o
LOAD ./drivers/fsl_pmu.o
LOAD ./drivers/fsl_src.o
LOAD ./device/system_MIMXRT1052.o
LOAD ./component/uart/fsl_adapter_lpuart.o
LOAD ./board/board.o
LOAD ./board/clock_config.o
LOAD ./board/hardware_init.o
LOAD ./board/led.o
LOAD ./board/peripherals.o
LOAD ./board/pin_mux.o
START GROUP
LOAD C:/nxp/MCUXpressoIDE_24.12.148/ide/plugins/com.nxp.mcuxpresso.tools.win32_24.12.0.202407110909/tools/bin/../lib/gcc/arm-none-eabi/13.2.1/../../../../arm-none-eabi/lib/thumb/v7e-m+fp/hard\libcr_nohost_nf.a
LOAD C:/nxp/MCUXpressoIDE_24.12.148/ide/plugins/com.nxp.mcuxpresso.tools.win32_24.12.0.202407110909/tools/bin/../lib/gcc/arm-none-eabi/13.2.1/../../../../arm-none-eabi/lib/thumb/v7e-m+fp/hard\libcr_c.a
LOAD C:/nxp/MCUXpressoIDE_24.12.148/ide/plugins/com.nxp.mcuxpresso.tools.win32_24.12.0.202407110909/tools/bin/../lib/gcc/arm-none-eabi/13.2.1/thumb/v7e-m+fp/hard\libcr_eabihelpers.a
LOAD C:/nxp/MCUXpressoIDE_24.12.148/ide/plugins/com.nxp.mcuxpresso.tools.win32_24.12.0.202407110909/tools/bin/../lib/gcc/arm-none-eabi/13.2.1/thumb/v7e-m+fp/hard\libgcc.a
END GROUP
                0x60000000                        __base_BOARD_FLASH = 0x60000000
                0x60000000                        __base_Flash = 0x60000000
                0x64000000                        __top_BOARD_FLASH = 0x64000000
                0x64000000                        __top_Flash = 0x64000000
                0x20000000                        __base_SRAM_DTC = 0x20000000
                0x20000000                        __base_RAM = 0x20000000
                0x20020000                        __top_SRAM_DTC = 0x20020000
                0x20020000                        __top_RAM = 0x20020000
                0x00000000                        __base_SRAM_ITC = 0x0
                0x00000000                        __base_RAM2 = 0x0
                0x00020000                        __top_SRAM_ITC = 0x20000
                0x00020000                        __top_RAM2 = 0x20000
                0x20200000                        __base_SRAM_OC = 0x20200000
                0x20200000                        __base_RAM3 = 0x20200000
                0x20240000                        __top_SRAM_OC = 0x20240000
                0x20240000                        __top_RAM3 = 0x20240000
                0x80000000                        __base_BOARD_SDRAM = 0x80000000
                0x80000000                        __base_RAM4 = 0x80000000
                0x81e00000                        __top_BOARD_SDRAM = 0x81e00000
                0x81e00000                        __top_RAM4 = 0x81e00000
                0x81e00000                        __base_NCACHE_REGION = 0x81e00000
                0x81e00000                        __base_RAM5 = 0x81e00000
                0x82000000                        __top_NCACHE_REGION = 0x82000000
                0x82000000                        __top_RAM5 = 0x82000000

.boot_hdr       0x60000000     0x2000
 FILL mask 0xff
                0x60000000                        __boot_hdr_start__ = ABSOLUTE (.)
 *(SORT_BY_ALIGNMENT(.boot_hdr.conf))
 .boot_hdr.conf
                0x60000000      0x200 ./xip/evkbimxrt1050_flexspi_nor_config.o
                0x60000000                hyperflash_config
                0x00001000                        . = 0x1000
 *fill*         0x60000200      0xe00 ff
 *(SORT_BY_ALIGNMENT(.boot_hdr.ivt))
 .boot_hdr.ivt  0x60001000       0x20 ./xip/fsl_flexspi_nor_boot.o
                0x60001000                image_vector_table
                0x00001020                        . = 0x1020
 *(SORT_BY_ALIGNMENT(.boot_hdr.boot_data))
 .boot_hdr.boot_data
                0x60001020       0x10 ./xip/fsl_flexspi_nor_boot.o
                0x60001020                g_boot_data
                0x00001030                        . = 0x1030
 *(SORT_BY_ALIGNMENT(.boot_hdr.dcd_data))
                0x60001030                        __boot_hdr_end__ = ABSOLUTE (.)
                0x00002000                        . = 0x2000
 *fill*         0x60001030      0xfd0 ff

.text           0x60002000     0x4c6c
 FILL mask 0xff
                0x60002000                        __vectors_start__ = ABSOLUTE (.)
 *(SORT_BY_ALIGNMENT(.isr_vector))
 .isr_vector    0x60002000      0x2a0 ./startup/startup_mimxrt1052.o
                0x60002000                g_pfnVectors
                0x60002000                __Vectors
                0x600022a0                        . = ALIGN (0x4)
                0x600022a0                        __section_table_start = .
                0x600022a0                        __data_section_table = .
                0x600022a0        0x4 LONG 0x60006c6c LOADADDR (.data)
                0x600022a4        0x4 LONG 0x20000000 ADDR (.data)
                0x600022a8        0x4 LONG 0x8 SIZEOF (.data)
                0x600022ac        0x4 LONG 0x60006c6c LOADADDR (.data_RAM2)
                0x600022b0        0x4 LONG 0x0 ADDR (.data_RAM2)
                0x600022b4        0x4 LONG 0x0 SIZEOF (.data_RAM2)
                0x600022b8        0x4 LONG 0x60006c6c LOADADDR (.data_RAM3)
                0x600022bc        0x4 LONG 0x20200000 ADDR (.data_RAM3)
                0x600022c0        0x4 LONG 0x0 SIZEOF (.data_RAM3)
                0x600022c4        0x4 LONG 0x60006c6c LOADADDR (.data_RAM4)
                0x600022c8        0x4 LONG 0x80000000 ADDR (.data_RAM4)
                0x600022cc        0x4 LONG 0x0 SIZEOF (.data_RAM4)
                0x600022d0        0x4 LONG 0x60006c6c LOADADDR (.data_RAM5)
                0x600022d4        0x4 LONG 0x81e00000 ADDR (.data_RAM5)
                0x600022d8        0x4 LONG 0x0 SIZEOF (.data_RAM5)
                0x600022dc                        __data_section_table_end = .
                0x600022dc                        __bss_section_table = .
                0x600022dc        0x4 LONG 0x20000008 ADDR (.bss)
                0x600022e0        0x4 LONG 0x128 SIZEOF (.bss)
                0x600022e4        0x4 LONG 0x0 ADDR (.bss_RAM2)
                0x600022e8        0x4 LONG 0x0 SIZEOF (.bss_RAM2)
                0x600022ec        0x4 LONG 0x20200000 ADDR (.bss_RAM3)
                0x600022f0        0x4 LONG 0x0 SIZEOF (.bss_RAM3)
                0x600022f4        0x4 LONG 0x80000000 ADDR (.bss_RAM4)
                0x600022f8        0x4 LONG 0x0 SIZEOF (.bss_RAM4)
                0x600022fc        0x4 LONG 0x81e00000 ADDR (.bss_RAM5)
                0x60002300        0x4 LONG 0x0 SIZEOF (.bss_RAM5)
                0x60002304                        __bss_section_table_end = .
                0x60002304                        __section_table_end = .
 *(SORT_BY_ALIGNMENT(.after_vectors*))
 .after_vectors.reset
                0x60002304       0x54 ./startup/startup_mimxrt1052.o
                0x60002304                ResetISR
 .after_vectors.init_data
                0x60002358       0x1e ./startup/startup_mimxrt1052.o
                0x60002358                data_init
 .after_vectors.init_bss
                0x60002376       0x12 ./startup/startup_mimxrt1052.o
                0x60002376                bss_init
 .after_vectors
                0x60002388       0x14 ./startup/startup_mimxrt1052.o
                0x60002388                NMI_Handler
                0x6000238c                MemManage_Handler
                0x6000238e                BusFault_Handler
                0x60002390                UsageFault_Handler
                0x60002392                SVC_Handler
                0x60002394                DebugMon_Handler
                0x60002396                PendSV_Handler
                0x6000239a                CCM_2_DriverIRQHandler
                0x6000239a                PIT_DriverIRQHandler
                0x6000239a                PMU_EVENT_DriverIRQHandler
                0x6000239a                PWM4_FAULT_DriverIRQHandler
                0x6000239a                SAI3_RX_DriverIRQHandler
                0x6000239a                FLEXRAM_DriverIRQHandler
                0x6000239a                LPSPI4_DriverIRQHandler
                0x6000239a                SEMC_DriverIRQHandler
                0x6000239a                SPDIF_DriverIRQHandler
                0x6000239a                PWM4_3_DriverIRQHandler
                0x6000239a                DMA13_DMA29_DriverIRQHandler
                0x6000239a                LCDIF_DriverIRQHandler
                0x6000239a                USB_PHY1_DriverIRQHandler
                0x6000239a                GPIO3_Combined_0_15_DriverIRQHandler
                0x6000239a                DMA7_DMA23_DriverIRQHandler
                0x6000239a                BEE_DriverIRQHandler
                0x6000239a                LPI2C3_DriverIRQHandler
                0x6000239a                GPR_IRQ_DriverIRQHandler
                0x6000239a                PWM2_FAULT_DriverIRQHandler
                0x6000239a                PWM3_1_DriverIRQHandler
                0x6000239a                DMA14_DMA30_DriverIRQHandler
                0x6000239a                TMR1_DriverIRQHandler
                0x6000239a                TRNG_DriverIRQHandler
                0x6000239a                PWM3_2_DriverIRQHandler
                0x6000239a                ENET_1588_Timer_DriverIRQHandler
                0x6000239a                FLEXIO2_DriverIRQHandler
                0x6000239a                GPIO2_Combined_16_31_DriverIRQHandler
                0x6000239a                Reserved143_DriverIRQHandler
                0x6000239a                LPSPI2_DriverIRQHandler
                0x6000239a                PWM4_1_DriverIRQHandler
                0x6000239a                PWM3_3_DriverIRQHandler
                0x6000239a                DMA0_DMA16_DriverIRQHandler
                0x6000239a                IntDefaultHandler
                0x6000239a                DMA2_DMA18_DriverIRQHandler
                0x6000239a                SRC_DriverIRQHandler
                0x6000239a                GPIO1_INT4_DriverIRQHandler
                0x6000239a                Reserved144_DriverIRQHandler
                0x6000239a                USDHC1_DriverIRQHandler
                0x6000239a                ENC3_DriverIRQHandler
                0x6000239a                PWM3_FAULT_DriverIRQHandler
                0x6000239a                EWM_DriverIRQHandler
                0x6000239a                TSC_DIG_DriverIRQHandler
                0x6000239a                WDOG1_DriverIRQHandler
                0x6000239a                KPP_DriverIRQHandler
                0x6000239a                ENET_DriverIRQHandler
                0x6000239a                Reserved78_DriverIRQHandler
                0x6000239a                TMR4_DriverIRQHandler
                0x6000239a                ENC2_DriverIRQHandler
                0x6000239a                ADC_ETC_IRQ2_DriverIRQHandler
                0x6000239a                GPIO1_Combined_16_31_DriverIRQHandler
                0x6000239a                GPIO1_INT7_DriverIRQHandler
                0x6000239a                SAI1_DriverIRQHandler
                0x6000239a                DCDC_DriverIRQHandler
                0x6000239a                DMA12_DMA28_DriverIRQHandler
                0x6000239a                PWM4_0_DriverIRQHandler
                0x6000239a                ADC_ETC_ERROR_IRQ_DriverIRQHandler
                0x6000239a                ACMP2_DriverIRQHandler
                0x6000239a                GPIO5_Combined_0_15_DriverIRQHandler
                0x6000239a                GPIO1_INT0_DriverIRQHandler
                0x6000239a                GPIO1_INT2_DriverIRQHandler
                0x6000239a                RTWDOG_DriverIRQHandler
                0x6000239a                FLEXSPI_DriverIRQHandler
                0x6000239a                GPT2_DriverIRQHandler
                0x6000239a                USB_PHY2_DriverIRQHandler
                0x6000239a                DMA10_DMA26_DriverIRQHandler
                0x6000239a                PWM2_1_DriverIRQHandler
                0x6000239a                PWM1_1_DriverIRQHandler
                0x6000239a                PXP_DriverIRQHandler
                0x6000239a                ADC1_DriverIRQHandler
                0x6000239a                PWM1_0_DriverIRQHandler
                0x6000239a                SJC_DriverIRQHandler
                0x6000239a                DMA1_DMA17_DriverIRQHandler
                0x6000239a                ENC1_DriverIRQHandler
                0x6000239a                ENC4_DriverIRQHandler
                0x6000239a                CAN2_DriverIRQHandler
                0x6000239a                DCP_DriverIRQHandler
                0x6000239a                CTI0_ERROR_DriverIRQHandler
                0x6000239a                DMA8_DMA24_DriverIRQHandler
                0x6000239a                GPT1_DriverIRQHandler
                0x6000239a                ACMP3_DriverIRQHandler
                0x6000239a                DMA6_DMA22_DriverIRQHandler
                0x6000239a                CSU_DriverIRQHandler
                0x6000239a                GPIO1_INT5_DriverIRQHandler
                0x6000239a                TMR3_DriverIRQHandler
                0x6000239a                TMR2_DriverIRQHandler
                0x6000239a                CTI1_ERROR_DriverIRQHandler
                0x6000239a                GPIO1_Combined_0_15_DriverIRQHandler
                0x6000239a                USDHC2_DriverIRQHandler
                0x6000239a                PWM4_2_DriverIRQHandler
                0x6000239a                Reserved87_DriverIRQHandler
                0x6000239a                SAI2_DriverIRQHandler
                0x6000239a                CORE_DriverIRQHandler
                0x6000239a                FLEXIO1_DriverIRQHandler
                0x6000239a                DMA11_DMA27_DriverIRQHandler
                0x6000239a                CSI_DriverIRQHandler
                0x6000239a                PWM2_3_DriverIRQHandler
                0x6000239a                XBAR1_IRQ_2_3_DriverIRQHandler
                0x6000239a                SNVS_HP_WRAPPER_TZ_DriverIRQHandler
                0x6000239a                GPIO3_Combined_16_31_DriverIRQHandler
                0x6000239a                PWM1_FAULT_DriverIRQHandler
                0x6000239a                LPI2C1_DriverIRQHandler
                0x6000239a                PWM2_2_DriverIRQHandler
                0x6000239a                DMA4_DMA20_DriverIRQHandler
                0x6000239a                DMA9_DMA25_DriverIRQHandler
                0x6000239a                SNVS_HP_WRAPPER_DriverIRQHandler
                0x6000239a                XBAR1_IRQ_0_1_DriverIRQHandler
                0x6000239a                ADC_ETC_IRQ1_DriverIRQHandler
                0x6000239a                LPSPI1_DriverIRQHandler
                0x6000239a                DMA3_DMA19_DriverIRQHandler
                0x6000239a                GPIO1_INT3_DriverIRQHandler
                0x6000239a                DCP_VMI_DriverIRQHandler
                0x6000239a                LPI2C4_DriverIRQHandler
                0x6000239a                GPC_DriverIRQHandler
                0x6000239a                Reserved123_DriverIRQHandler
                0x6000239a                GPIO2_Combined_0_15_DriverIRQHandler
                0x6000239a                PWM1_2_DriverIRQHandler
                0x6000239a                USB_OTG1_DriverIRQHandler
                0x6000239a                TEMP_LOW_HIGH_DriverIRQHandler
                0x6000239a                SAI3_TX_DriverIRQHandler
                0x6000239a                WDOG2_DriverIRQHandler
                0x6000239a                Reserved68_DriverIRQHandler
                0x6000239a                PWM3_0_DriverIRQHandler
                0x6000239a                GPIO4_Combined_0_15_DriverIRQHandler
                0x6000239a                GPIO4_Combined_16_31_DriverIRQHandler
                0x6000239a                GPIO5_Combined_16_31_DriverIRQHandler
                0x6000239a                DMA5_DMA21_DriverIRQHandler
                0x6000239a                CCM_1_DriverIRQHandler
                0x6000239a                ADC2_DriverIRQHandler
                0x6000239a                Reserved115_DriverIRQHandler
                0x6000239a                TEMP_PANIC_DriverIRQHandler
                0x6000239a                ACMP4_DriverIRQHandler
                0x6000239a                DMA15_DMA31_DriverIRQHandler
                0x6000239a                LPSPI3_DriverIRQHandler
                0x6000239a                PWM1_3_DriverIRQHandler
                0x6000239a                ACMP1_DriverIRQHandler
                0x6000239a                LPI2C2_DriverIRQHandler
                0x6000239a                Reserved86_DriverIRQHandler
                0x6000239a                DMA_ERROR_DriverIRQHandler
                0x6000239a                ADC_ETC_IRQ0_DriverIRQHandler
                0x6000239a                CAN1_DriverIRQHandler
                0x6000239a                GPIO1_INT6_DriverIRQHandler
                0x6000239a                GPIO1_INT1_DriverIRQHandler
                0x6000239a                PWM2_0_DriverIRQHandler
                0x6000239a                SNVS_LP_WRAPPER_DriverIRQHandler
                0x6000239a                USB_OTG2_DriverIRQHandler
 *(SORT_BY_ALIGNMENT(.text*))
 .text.DbgConsole_Init
                0x6000239c       0x88 ./utilities/debug_console_lite/fsl_debug_console.o
                0x6000239c                DbgConsole_Init
 .text.DbgConsole_Vprintf
                0x60002424       0x3c ./utilities/debug_console_lite/fsl_debug_console.o
                0x60002424                DbgConsole_Vprintf
 .text.DbgConsole_Putchar
                0x60002460       0x30 ./utilities/debug_console_lite/fsl_debug_console.o
                0x60002460                DbgConsole_Putchar
 .text.DbgConsole_Getchar
                0x60002490       0x3c ./utilities/debug_console_lite/fsl_debug_console.o
                0x60002490                DbgConsole_Getchar
 .text.DbgConsole_PrintfFormattedData
                0x600024cc      0x3e0 ./utilities/debug_console_lite/fsl_debug_console.o
 .text.__assertion_failed
                0x600028ac       0x2c ./utilities/fsl_assert.o
                0x600028ac                __assertion_failed
 .text.__NVIC_SetPriority
                0x600028d8       0x54 ./source/SerialConsole_LEDControl.o
 .text.SysTick_Config
                0x6000292c       0x44 ./source/SerialConsole_LEDControl.o
 .text.Print_Menu
                0x60002970       0x70 ./source/SerialConsole_LEDControl.o
                0x60002970                Print_Menu
 .text.SysTick_Handler
                0x600029e0       0x50 ./source/SerialConsole_LEDControl.o
                0x600029e0                SysTick_Handler
 .text.SysTick_ConfigureInterrupt
                0x60002a30       0x2c ./source/SerialConsole_LEDControl.o
                0x60002a30                SysTick_ConfigureInterrupt
 .text.main     0x60002a5c      0x138 ./source/SerialConsole_LEDControl.o
                0x60002a5c                main
 .text.CLOCK_GetOscFreq
                0x60002b94       0x30 ./drivers/fsl_clock.o
 .text.CLOCK_InitExternalClk
                0x60002bc4       0x6c ./drivers/fsl_clock.o
                0x60002bc4                CLOCK_InitExternalClk
 .text.CLOCK_SwitchOsc
                0x60002c30       0x34 ./drivers/fsl_clock.o
                0x60002c30                CLOCK_SwitchOsc
 .text.CLOCK_InitRcOsc24M
                0x60002c64       0x24 ./drivers/fsl_clock.o
                0x60002c64                CLOCK_InitRcOsc24M
 .text.CLOCK_InitArmPll
                0x60002c88       0x68 ./drivers/fsl_clock.o
                0x60002c88                CLOCK_InitArmPll
 .text.CLOCK_InitSysPll
                0x60002cf0       0x9c ./drivers/fsl_clock.o
                0x60002cf0                CLOCK_InitSysPll
 .text.CLOCK_DeinitUsb2Pll
                0x60002d8c       0x18 ./drivers/fsl_clock.o
                0x60002d8c                CLOCK_DeinitUsb2Pll
 .text.CLOCK_DeinitAudioPll
                0x60002da4       0x1c ./drivers/fsl_clock.o
                0x60002da4                CLOCK_DeinitAudioPll
 .text.CLOCK_DeinitEnetPll
                0x60002dc0       0x1c ./drivers/fsl_clock.o
                0x60002dc0                CLOCK_DeinitEnetPll
 .text.CLOCK_GetPllFreq
                0x60002ddc      0x404 ./drivers/fsl_clock.o
                0x60002ddc                CLOCK_GetPllFreq
 .text.CLOCK_InitSysPfd
                0x600031e0       0x64 ./drivers/fsl_clock.o
                0x600031e0                CLOCK_InitSysPfd
 .text.CLOCK_ControlGate
                0x60003244       0x60 ./drivers/fsl_gpio.o
 .text.GPIO_GetInstance
                0x600032a4       0x4c ./drivers/fsl_gpio.o
 .text.GPIO_PinInit
                0x600032f0       0xa4 ./drivers/fsl_gpio.o
                0x600032f0                GPIO_PinInit
 .text.GPIO_PinWrite
                0x60003394       0x48 ./drivers/fsl_gpio.o
                0x60003394                GPIO_PinWrite
 .text.GPIO_PinSetInterruptConfig
                0x600033dc       0xfc ./drivers/fsl_gpio.o
                0x600033dc                GPIO_PinSetInterruptConfig
 .text.CLOCK_ControlGate
                0x600034d8       0x60 ./drivers/fsl_lpuart.o
 .text.LPUART_GetInstance
                0x60003538       0x4c ./drivers/fsl_lpuart.o
                0x60003538                LPUART_GetInstance
 .text.LPUART_Init
                0x60003584      0x30c ./drivers/fsl_lpuart.o
                0x60003584                LPUART_Init
 .text.LPUART_GetDefaultConfig
                0x60003890       0x88 ./drivers/fsl_lpuart.o
                0x60003890                LPUART_GetDefaultConfig
 .text.LPUART_GetStatusFlags
                0x60003918       0x38 ./drivers/fsl_lpuart.o
                0x60003918                LPUART_GetStatusFlags
 .text.LPUART_ClearStatusFlags
                0x60003950       0x7c ./drivers/fsl_lpuart.o
                0x60003950                LPUART_ClearStatusFlags
 .text.LPUART_WriteBlocking
                0x600039cc       0x68 ./drivers/fsl_lpuart.o
                0x600039cc                LPUART_WriteBlocking
 .text.LPUART_ReadBlocking
                0x60003a34      0x160 ./drivers/fsl_lpuart.o
                0x60003a34                LPUART_ReadBlocking
 .text.LPUART1_DriverIRQHandler
                0x60003b94       0x28 ./drivers/fsl_lpuart.o
                0x60003b94                LPUART1_DriverIRQHandler
 .text.LPUART2_DriverIRQHandler
                0x60003bbc       0x28 ./drivers/fsl_lpuart.o
                0x60003bbc                LPUART2_DriverIRQHandler
 .text.LPUART3_DriverIRQHandler
                0x60003be4       0x28 ./drivers/fsl_lpuart.o
                0x60003be4                LPUART3_DriverIRQHandler
 .text.LPUART4_DriverIRQHandler
                0x60003c0c       0x28 ./drivers/fsl_lpuart.o
                0x60003c0c                LPUART4_DriverIRQHandler
 .text.LPUART5_DriverIRQHandler
                0x60003c34       0x28 ./drivers/fsl_lpuart.o
                0x60003c34                LPUART5_DriverIRQHandler
 .text.LPUART6_DriverIRQHandler
                0x60003c5c       0x28 ./drivers/fsl_lpuart.o
                0x60003c5c                LPUART6_DriverIRQHandler
 .text.LPUART7_DriverIRQHandler
                0x60003c84       0x28 ./drivers/fsl_lpuart.o
                0x60003c84                LPUART7_DriverIRQHandler
 .text.LPUART8_DriverIRQHandler
                0x60003cac       0x28 ./drivers/fsl_lpuart.o
                0x60003cac                LPUART8_DriverIRQHandler
 .text.SystemInit
                0x60003cd4      0x144 ./device/system_MIMXRT1052.o
                0x60003cd4                SystemInit
 .text.SystemCoreClockUpdate
                0x60003e18      0x20c ./device/system_MIMXRT1052.o
                0x60003e18                SystemCoreClockUpdate
 .text.HAL_UartInitCommon
                0x60004024       0xe0 ./component/uart/fsl_adapter_lpuart.o
 .text.HAL_UartInit
                0x60004104       0x84 ./component/uart/fsl_adapter_lpuart.o
                0x60004104                HAL_UartInit
 .text.HAL_UartReceiveBlocking
                0x60004188       0x6c ./component/uart/fsl_adapter_lpuart.o
                0x60004188                HAL_UartReceiveBlocking
 .text.HAL_UartSendBlocking
                0x600041f4       0x64 ./component/uart/fsl_adapter_lpuart.o
                0x600041f4                HAL_UartSendBlocking
 .text.ARM_MPU_Enable
                0x60004258       0x44 ./board/board.o
 .text.ARM_MPU_Disable
                0x6000429c       0x40 ./board/board.o
 .text.CLOCK_GetMux
                0x600042dc       0x44 ./board/board.o
 .text.CLOCK_GetDiv
                0x60004320       0x44 ./board/board.o
 .text.CLOCK_GetOscFreq
                0x60004364       0x30 ./board/board.o
 .text.BOARD_DebugConsoleSrcFreq
                0x60004394       0x64 ./board/board.o
                0x60004394                BOARD_DebugConsoleSrcFreq
 .text.BOARD_ConfigMPU
                0x600043f8      0x304 ./board/board.o
                0x600043f8                BOARD_ConfigMPU
 .text.CLOCK_SetMux
                0x600046fc       0x9c ./board/clock_config.o
 .text.CLOCK_SetDiv
                0x60004798       0x9c ./board/clock_config.o
 .text.CLOCK_ControlGate
                0x60004834       0x60 ./board/clock_config.o
 .text.CLOCK_SetXtalFreq
                0x60004894       0x20 ./board/clock_config.o
 .text.CLOCK_SetRtcXtalFreq
                0x600048b4       0x20 ./board/clock_config.o
 .text.IOMUXC_MQSConfig
                0x600048d4       0x44 ./board/clock_config.o
 .text.BOARD_BootClockRUN
                0x60004918      0x674 ./board/clock_config.o
                0x60004918                BOARD_BootClockRUN
 .text.CLOCK_ControlGate
                0x60004f8c       0x60 ./board/hardware_init.o
 .text.Led_TurnOn
                0x60004fec       0x18 ./board/led.o
                0x60004fec                Led_TurnOn
 .text.Led_TurnOff
                0x60005004       0x18 ./board/led.o
                0x60005004                Led_TurnOff
 .text.CLOCK_ControlGate
                0x6000501c       0x60 ./board/pin_mux.o
 .text.BOARD_InitPins
                0x6000507c       0x98 ./board/pin_mux.o
                0x6000507c                BOARD_InitPins
 .text.BOARD_InitDEBUG_UARTPins
                0x60005114       0x78 ./board/pin_mux.o
                0x60005114                BOARD_InitDEBUG_UARTPins
 .text._initio  0x6000518c       0x78 C:/nxp/MCUXpressoIDE_24.12.148/ide/plugins/com.nxp.mcuxpresso.tools.win32_24.12.0.202407110909/tools/bin/../lib/gcc/arm-none-eabi/13.2.1/../../../../arm-none-eabi/lib/thumb/v7e-m+fp/hard\libcr_c.a(initio.o)
                0x6000518c                _initio
 .text._Cwritebuf
                0x60005204       0x6c C:/nxp/MCUXpressoIDE_24.12.148/ide/plugins/com.nxp.mcuxpresso.tools.win32_24.12.0.202407110909/tools/bin/../lib/gcc/arm-none-eabi/13.2.1/../../../../arm-none-eabi/lib/thumb/v7e-m+fp/hard\libcr_c.a(_writebuf.o)
                0x60005204                _Cwritebuf
 .text.fflush   0x60005270       0x3c C:/nxp/MCUXpressoIDE_24.12.148/ide/plugins/com.nxp.mcuxpresso.tools.win32_24.12.0.202407110909/tools/bin/../lib/gcc/arm-none-eabi/13.2.1/../../../../arm-none-eabi/lib/thumb/v7e-m+fp/hard\libcr_c.a(fflush.o)
                0x60005270                fflush
 .text.fseek    0x600052ac       0xf8 C:/nxp/MCUXpressoIDE_24.12.148/ide/plugins/com.nxp.mcuxpresso.tools.win32_24.12.0.202407110909/tools/bin/../lib/gcc/arm-none-eabi/13.2.1/../../../../arm-none-eabi/lib/thumb/v7e-m+fp/hard\libcr_c.a(fseek.o)
                0x600052ac                fseek
 .text.ftell    0x600053a4       0x44 C:/nxp/MCUXpressoIDE_24.12.148/ide/plugins/com.nxp.mcuxpresso.tools.win32_24.12.0.202407110909/tools/bin/../lib/gcc/arm-none-eabi/13.2.1/../../../../arm-none-eabi/lib/thumb/v7e-m+fp/hard\libcr_c.a(ftell.o)
                0x600053a4                ftell
 .text.DbgConsole_Printf
                0x600053e8       0x2c ./utilities/debug_console_lite/fsl_debug_console.o
                0x600053e8                DbgConsole_Printf
 .text.DbgConsole_PrintfPaddingCharacter
                0x60005414       0x40 ./utilities/debug_console_lite/fsl_debug_console.o
 .text.DbgConsole_ConvertRadixNumToString
                0x60005454       0xc2 ./utilities/debug_console_lite/fsl_debug_console.o
 .text.fsl_assert_hook
                0x60005516       0x1a ./utilities/fsl_assert.o
                0x60005516                fsl_assert_hook
 .text.DMA0_DMA16_IRQHandler
                0x60005530        0x8 ./startup/startup_mimxrt1052.o
                0x60005530                DMA0_DMA16_IRQHandler
 .text.DMA1_DMA17_IRQHandler
                0x60005538        0x8 ./startup/startup_mimxrt1052.o
                0x60005538                DMA1_DMA17_IRQHandler
 .text.DMA2_DMA18_IRQHandler
                0x60005540        0x8 ./startup/startup_mimxrt1052.o
                0x60005540                DMA2_DMA18_IRQHandler
 .text.DMA3_DMA19_IRQHandler
                0x60005548        0x8 ./startup/startup_mimxrt1052.o
                0x60005548                DMA3_DMA19_IRQHandler
 .text.DMA4_DMA20_IRQHandler
                0x60005550        0x8 ./startup/startup_mimxrt1052.o
                0x60005550                DMA4_DMA20_IRQHandler
 .text.DMA5_DMA21_IRQHandler
                0x60005558        0x8 ./startup/startup_mimxrt1052.o
                0x60005558                DMA5_DMA21_IRQHandler
 .text.DMA6_DMA22_IRQHandler
                0x60005560        0x8 ./startup/startup_mimxrt1052.o
                0x60005560                DMA6_DMA22_IRQHandler
 .text.DMA7_DMA23_IRQHandler
                0x60005568        0x8 ./startup/startup_mimxrt1052.o
                0x60005568                DMA7_DMA23_IRQHandler
 .text.DMA8_DMA24_IRQHandler
                0x60005570        0x8 ./startup/startup_mimxrt1052.o
                0x60005570                DMA8_DMA24_IRQHandler
 .text.DMA9_DMA25_IRQHandler
                0x60005578        0x8 ./startup/startup_mimxrt1052.o
                0x60005578                DMA9_DMA25_IRQHandler
 .text.DMA10_DMA26_IRQHandler
                0x60005580        0x8 ./startup/startup_mimxrt1052.o
                0x60005580                DMA10_DMA26_IRQHandler
 .text.DMA11_DMA27_IRQHandler
                0x60005588        0x8 ./startup/startup_mimxrt1052.o
                0x60005588                DMA11_DMA27_IRQHandler
 .text.DMA12_DMA28_IRQHandler
                0x60005590        0x8 ./startup/startup_mimxrt1052.o
                0x60005590                DMA12_DMA28_IRQHandler
 .text.DMA13_DMA29_IRQHandler
                0x60005598        0x8 ./startup/startup_mimxrt1052.o
                0x60005598                DMA13_DMA29_IRQHandler
 .text.DMA14_DMA30_IRQHandler
                0x600055a0        0x8 ./startup/startup_mimxrt1052.o
                0x600055a0                DMA14_DMA30_IRQHandler
 .text.DMA15_DMA31_IRQHandler
                0x600055a8        0x8 ./startup/startup_mimxrt1052.o
                0x600055a8                DMA15_DMA31_IRQHandler
 .text.DMA_ERROR_IRQHandler
                0x600055b0        0x8 ./startup/startup_mimxrt1052.o
                0x600055b0                DMA_ERROR_IRQHandler
 .text.CTI0_ERROR_IRQHandler
                0x600055b8        0x8 ./startup/startup_mimxrt1052.o
                0x600055b8                CTI0_ERROR_IRQHandler
 .text.CTI1_ERROR_IRQHandler
                0x600055c0        0x8 ./startup/startup_mimxrt1052.o
                0x600055c0                CTI1_ERROR_IRQHandler
 .text.CORE_IRQHandler
                0x600055c8        0x8 ./startup/startup_mimxrt1052.o
                0x600055c8                CORE_IRQHandler
 .text.LPUART1_IRQHandler
                0x600055d0        0x8 ./startup/startup_mimxrt1052.o
                0x600055d0                LPUART1_IRQHandler
 .text.LPUART2_IRQHandler
                0x600055d8        0x8 ./startup/startup_mimxrt1052.o
                0x600055d8                LPUART2_IRQHandler
 .text.LPUART3_IRQHandler
                0x600055e0        0x8 ./startup/startup_mimxrt1052.o
                0x600055e0                LPUART3_IRQHandler
 .text.LPUART4_IRQHandler
                0x600055e8        0x8 ./startup/startup_mimxrt1052.o
                0x600055e8                LPUART4_IRQHandler
 .text.LPUART5_IRQHandler
                0x600055f0        0x8 ./startup/startup_mimxrt1052.o
                0x600055f0                LPUART5_IRQHandler
 .text.LPUART6_IRQHandler
                0x600055f8        0x8 ./startup/startup_mimxrt1052.o
                0x600055f8                LPUART6_IRQHandler
 .text.LPUART7_IRQHandler
                0x60005600        0x8 ./startup/startup_mimxrt1052.o
                0x60005600                LPUART7_IRQHandler
 .text.LPUART8_IRQHandler
                0x60005608        0x8 ./startup/startup_mimxrt1052.o
                0x60005608                LPUART8_IRQHandler
 .text.LPI2C1_IRQHandler
                0x60005610        0x8 ./startup/startup_mimxrt1052.o
                0x60005610                LPI2C1_IRQHandler
 .text.LPI2C2_IRQHandler
                0x60005618        0x8 ./startup/startup_mimxrt1052.o
                0x60005618                LPI2C2_IRQHandler
 .text.LPI2C3_IRQHandler
                0x60005620        0x8 ./startup/startup_mimxrt1052.o
                0x60005620                LPI2C3_IRQHandler
 .text.LPI2C4_IRQHandler
                0x60005628        0x8 ./startup/startup_mimxrt1052.o
                0x60005628                LPI2C4_IRQHandler
 .text.LPSPI1_IRQHandler
                0x60005630        0x8 ./startup/startup_mimxrt1052.o
                0x60005630                LPSPI1_IRQHandler
 .text.LPSPI2_IRQHandler
                0x60005638        0x8 ./startup/startup_mimxrt1052.o
                0x60005638                LPSPI2_IRQHandler
 .text.LPSPI3_IRQHandler
                0x60005640        0x8 ./startup/startup_mimxrt1052.o
                0x60005640                LPSPI3_IRQHandler
 .text.LPSPI4_IRQHandler
                0x60005648        0x8 ./startup/startup_mimxrt1052.o
                0x60005648                LPSPI4_IRQHandler
 .text.CAN1_IRQHandler
                0x60005650        0x8 ./startup/startup_mimxrt1052.o
                0x60005650                CAN1_IRQHandler
 .text.CAN2_IRQHandler
                0x60005658        0x8 ./startup/startup_mimxrt1052.o
                0x60005658                CAN2_IRQHandler
 .text.FLEXRAM_IRQHandler
                0x60005660        0x8 ./startup/startup_mimxrt1052.o
                0x60005660                FLEXRAM_IRQHandler
 .text.KPP_IRQHandler
                0x60005668        0x8 ./startup/startup_mimxrt1052.o
                0x60005668                KPP_IRQHandler
 .text.TSC_DIG_IRQHandler
                0x60005670        0x8 ./startup/startup_mimxrt1052.o
                0x60005670                TSC_DIG_IRQHandler
 .text.GPR_IRQ_IRQHandler
                0x60005678        0x8 ./startup/startup_mimxrt1052.o
                0x60005678                GPR_IRQ_IRQHandler
 .text.LCDIF_IRQHandler
                0x60005680        0x8 ./startup/startup_mimxrt1052.o
                0x60005680                LCDIF_IRQHandler
 .text.CSI_IRQHandler
                0x60005688        0x8 ./startup/startup_mimxrt1052.o
                0x60005688                CSI_IRQHandler
 .text.PXP_IRQHandler
                0x60005690        0x8 ./startup/startup_mimxrt1052.o
                0x60005690                PXP_IRQHandler
 .text.WDOG2_IRQHandler
                0x60005698        0x8 ./startup/startup_mimxrt1052.o
                0x60005698                WDOG2_IRQHandler
 .text.SNVS_HP_WRAPPER_IRQHandler
                0x600056a0        0x8 ./startup/startup_mimxrt1052.o
                0x600056a0                SNVS_HP_WRAPPER_IRQHandler
 .text.SNVS_HP_WRAPPER_TZ_IRQHandler
                0x600056a8        0x8 ./startup/startup_mimxrt1052.o
                0x600056a8                SNVS_HP_WRAPPER_TZ_IRQHandler
 .text.SNVS_LP_WRAPPER_IRQHandler
                0x600056b0        0x8 ./startup/startup_mimxrt1052.o
                0x600056b0                SNVS_LP_WRAPPER_IRQHandler
 .text.CSU_IRQHandler
                0x600056b8        0x8 ./startup/startup_mimxrt1052.o
                0x600056b8                CSU_IRQHandler
 .text.DCP_IRQHandler
                0x600056c0        0x8 ./startup/startup_mimxrt1052.o
                0x600056c0                DCP_IRQHandler
 .text.DCP_VMI_IRQHandler
                0x600056c8        0x8 ./startup/startup_mimxrt1052.o
                0x600056c8                DCP_VMI_IRQHandler
 .text.Reserved68_IRQHandler
                0x600056d0        0x8 ./startup/startup_mimxrt1052.o
                0x600056d0                Reserved68_IRQHandler
 .text.TRNG_IRQHandler
                0x600056d8        0x8 ./startup/startup_mimxrt1052.o
                0x600056d8                TRNG_IRQHandler
 .text.SJC_IRQHandler
                0x600056e0        0x8 ./startup/startup_mimxrt1052.o
                0x600056e0                SJC_IRQHandler
 .text.BEE_IRQHandler
                0x600056e8        0x8 ./startup/startup_mimxrt1052.o
                0x600056e8                BEE_IRQHandler
 .text.SAI1_IRQHandler
                0x600056f0        0x8 ./startup/startup_mimxrt1052.o
                0x600056f0                SAI1_IRQHandler
 .text.SAI2_IRQHandler
                0x600056f8        0x8 ./startup/startup_mimxrt1052.o
                0x600056f8                SAI2_IRQHandler
 .text.SAI3_RX_IRQHandler
                0x60005700        0x8 ./startup/startup_mimxrt1052.o
                0x60005700                SAI3_RX_IRQHandler
 .text.SAI3_TX_IRQHandler
                0x60005708        0x8 ./startup/startup_mimxrt1052.o
                0x60005708                SAI3_TX_IRQHandler
 .text.SPDIF_IRQHandler
                0x60005710        0x8 ./startup/startup_mimxrt1052.o
                0x60005710                SPDIF_IRQHandler
 .text.PMU_EVENT_IRQHandler
                0x60005718        0x8 ./startup/startup_mimxrt1052.o
                0x60005718                PMU_EVENT_IRQHandler
 .text.Reserved78_IRQHandler
                0x60005720        0x8 ./startup/startup_mimxrt1052.o
                0x60005720                Reserved78_IRQHandler
 .text.TEMP_LOW_HIGH_IRQHandler
                0x60005728        0x8 ./startup/startup_mimxrt1052.o
                0x60005728                TEMP_LOW_HIGH_IRQHandler
 .text.TEMP_PANIC_IRQHandler
                0x60005730        0x8 ./startup/startup_mimxrt1052.o
                0x60005730                TEMP_PANIC_IRQHandler
 .text.USB_PHY1_IRQHandler
                0x60005738        0x8 ./startup/startup_mimxrt1052.o
                0x60005738                USB_PHY1_IRQHandler
 .text.USB_PHY2_IRQHandler
                0x60005740        0x8 ./startup/startup_mimxrt1052.o
                0x60005740                USB_PHY2_IRQHandler
 .text.ADC1_IRQHandler
                0x60005748        0x8 ./startup/startup_mimxrt1052.o
                0x60005748                ADC1_IRQHandler
 .text.ADC2_IRQHandler
                0x60005750        0x8 ./startup/startup_mimxrt1052.o
                0x60005750                ADC2_IRQHandler
 .text.DCDC_IRQHandler
                0x60005758        0x8 ./startup/startup_mimxrt1052.o
                0x60005758                DCDC_IRQHandler
 .text.Reserved86_IRQHandler
                0x60005760        0x8 ./startup/startup_mimxrt1052.o
                0x60005760                Reserved86_IRQHandler
 .text.Reserved87_IRQHandler
                0x60005768        0x8 ./startup/startup_mimxrt1052.o
                0x60005768                Reserved87_IRQHandler
 .text.GPIO1_INT0_IRQHandler
                0x60005770        0x8 ./startup/startup_mimxrt1052.o
                0x60005770                GPIO1_INT0_IRQHandler
 .text.GPIO1_INT1_IRQHandler
                0x60005778        0x8 ./startup/startup_mimxrt1052.o
                0x60005778                GPIO1_INT1_IRQHandler
 .text.GPIO1_INT2_IRQHandler
                0x60005780        0x8 ./startup/startup_mimxrt1052.o
                0x60005780                GPIO1_INT2_IRQHandler
 .text.GPIO1_INT3_IRQHandler
                0x60005788        0x8 ./startup/startup_mimxrt1052.o
                0x60005788                GPIO1_INT3_IRQHandler
 .text.GPIO1_INT4_IRQHandler
                0x60005790        0x8 ./startup/startup_mimxrt1052.o
                0x60005790                GPIO1_INT4_IRQHandler
 .text.GPIO1_INT5_IRQHandler
                0x60005798        0x8 ./startup/startup_mimxrt1052.o
                0x60005798                GPIO1_INT5_IRQHandler
 .text.GPIO1_INT6_IRQHandler
                0x600057a0        0x8 ./startup/startup_mimxrt1052.o
                0x600057a0                GPIO1_INT6_IRQHandler
 .text.GPIO1_INT7_IRQHandler
                0x600057a8        0x8 ./startup/startup_mimxrt1052.o
                0x600057a8                GPIO1_INT7_IRQHandler
 .text.GPIO1_Combined_0_15_IRQHandler
                0x600057b0        0x8 ./startup/startup_mimxrt1052.o
                0x600057b0                GPIO1_Combined_0_15_IRQHandler
 .text.GPIO1_Combined_16_31_IRQHandler
                0x600057b8        0x8 ./startup/startup_mimxrt1052.o
                0x600057b8                GPIO1_Combined_16_31_IRQHandler
 .text.GPIO2_Combined_0_15_IRQHandler
                0x600057c0        0x8 ./startup/startup_mimxrt1052.o
                0x600057c0                GPIO2_Combined_0_15_IRQHandler
 .text.GPIO2_Combined_16_31_IRQHandler
                0x600057c8        0x8 ./startup/startup_mimxrt1052.o
                0x600057c8                GPIO2_Combined_16_31_IRQHandler
 .text.GPIO3_Combined_0_15_IRQHandler
                0x600057d0        0x8 ./startup/startup_mimxrt1052.o
                0x600057d0                GPIO3_Combined_0_15_IRQHandler
 .text.GPIO3_Combined_16_31_IRQHandler
                0x600057d8        0x8 ./startup/startup_mimxrt1052.o
                0x600057d8                GPIO3_Combined_16_31_IRQHandler
 .text.GPIO4_Combined_0_15_IRQHandler
                0x600057e0        0x8 ./startup/startup_mimxrt1052.o
                0x600057e0                GPIO4_Combined_0_15_IRQHandler
 .text.GPIO4_Combined_16_31_IRQHandler
                0x600057e8        0x8 ./startup/startup_mimxrt1052.o
                0x600057e8                GPIO4_Combined_16_31_IRQHandler
 .text.GPIO5_Combined_0_15_IRQHandler
                0x600057f0        0x8 ./startup/startup_mimxrt1052.o
                0x600057f0                GPIO5_Combined_0_15_IRQHandler
 .text.GPIO5_Combined_16_31_IRQHandler
                0x600057f8        0x8 ./startup/startup_mimxrt1052.o
                0x600057f8                GPIO5_Combined_16_31_IRQHandler
 .text.FLEXIO1_IRQHandler
                0x60005800        0x8 ./startup/startup_mimxrt1052.o
                0x60005800                FLEXIO1_IRQHandler
 .text.FLEXIO2_IRQHandler
                0x60005808        0x8 ./startup/startup_mimxrt1052.o
                0x60005808                FLEXIO2_IRQHandler
 .text.WDOG1_IRQHandler
                0x60005810        0x8 ./startup/startup_mimxrt1052.o
                0x60005810                WDOG1_IRQHandler
 .text.RTWDOG_IRQHandler
                0x60005818        0x8 ./startup/startup_mimxrt1052.o
                0x60005818                RTWDOG_IRQHandler
 .text.EWM_IRQHandler
                0x60005820        0x8 ./startup/startup_mimxrt1052.o
                0x60005820                EWM_IRQHandler
 .text.CCM_1_IRQHandler
                0x60005828        0x8 ./startup/startup_mimxrt1052.o
                0x60005828                CCM_1_IRQHandler
 .text.CCM_2_IRQHandler
                0x60005830        0x8 ./startup/startup_mimxrt1052.o
                0x60005830                CCM_2_IRQHandler
 .text.GPC_IRQHandler
                0x60005838        0x8 ./startup/startup_mimxrt1052.o
                0x60005838                GPC_IRQHandler
 .text.SRC_IRQHandler
                0x60005840        0x8 ./startup/startup_mimxrt1052.o
                0x60005840                SRC_IRQHandler
 .text.Reserved115_IRQHandler
                0x60005848        0x8 ./startup/startup_mimxrt1052.o
                0x60005848                Reserved115_IRQHandler
 .text.GPT1_IRQHandler
                0x60005850        0x8 ./startup/startup_mimxrt1052.o
                0x60005850                GPT1_IRQHandler
 .text.GPT2_IRQHandler
                0x60005858        0x8 ./startup/startup_mimxrt1052.o
                0x60005858                GPT2_IRQHandler
 .text.PWM1_0_IRQHandler
                0x60005860        0x8 ./startup/startup_mimxrt1052.o
                0x60005860                PWM1_0_IRQHandler
 .text.PWM1_1_IRQHandler
                0x60005868        0x8 ./startup/startup_mimxrt1052.o
                0x60005868                PWM1_1_IRQHandler
 .text.PWM1_2_IRQHandler
                0x60005870        0x8 ./startup/startup_mimxrt1052.o
                0x60005870                PWM1_2_IRQHandler
 .text.PWM1_3_IRQHandler
                0x60005878        0x8 ./startup/startup_mimxrt1052.o
                0x60005878                PWM1_3_IRQHandler
 .text.PWM1_FAULT_IRQHandler
                0x60005880        0x8 ./startup/startup_mimxrt1052.o
                0x60005880                PWM1_FAULT_IRQHandler
 .text.Reserved123_IRQHandler
                0x60005888        0x8 ./startup/startup_mimxrt1052.o
                0x60005888                Reserved123_IRQHandler
 .text.FLEXSPI_IRQHandler
                0x60005890        0x8 ./startup/startup_mimxrt1052.o
                0x60005890                FLEXSPI_IRQHandler
 .text.SEMC_IRQHandler
                0x60005898        0x8 ./startup/startup_mimxrt1052.o
                0x60005898                SEMC_IRQHandler
 .text.USDHC1_IRQHandler
                0x600058a0        0x8 ./startup/startup_mimxrt1052.o
                0x600058a0                USDHC1_IRQHandler
 .text.USDHC2_IRQHandler
                0x600058a8        0x8 ./startup/startup_mimxrt1052.o
                0x600058a8                USDHC2_IRQHandler
 .text.USB_OTG2_IRQHandler
                0x600058b0        0x8 ./startup/startup_mimxrt1052.o
                0x600058b0                USB_OTG2_IRQHandler
 .text.USB_OTG1_IRQHandler
                0x600058b8        0x8 ./startup/startup_mimxrt1052.o
                0x600058b8                USB_OTG1_IRQHandler
 .text.ENET_IRQHandler
                0x600058c0        0x8 ./startup/startup_mimxrt1052.o
                0x600058c0                ENET_IRQHandler
 .text.ENET_1588_Timer_IRQHandler
                0x600058c8        0x8 ./startup/startup_mimxrt1052.o
                0x600058c8                ENET_1588_Timer_IRQHandler
 .text.XBAR1_IRQ_0_1_IRQHandler
                0x600058d0        0x8 ./startup/startup_mimxrt1052.o
                0x600058d0                XBAR1_IRQ_0_1_IRQHandler
 .text.XBAR1_IRQ_2_3_IRQHandler
                0x600058d8        0x8 ./startup/startup_mimxrt1052.o
                0x600058d8                XBAR1_IRQ_2_3_IRQHandler
 .text.ADC_ETC_IRQ0_IRQHandler
                0x600058e0        0x8 ./startup/startup_mimxrt1052.o
                0x600058e0                ADC_ETC_IRQ0_IRQHandler
 .text.ADC_ETC_IRQ1_IRQHandler
                0x600058e8        0x8 ./startup/startup_mimxrt1052.o
                0x600058e8                ADC_ETC_IRQ1_IRQHandler
 .text.ADC_ETC_IRQ2_IRQHandler
                0x600058f0        0x8 ./startup/startup_mimxrt1052.o
                0x600058f0                ADC_ETC_IRQ2_IRQHandler
 .text.ADC_ETC_ERROR_IRQ_IRQHandler
                0x600058f8        0x8 ./startup/startup_mimxrt1052.o
                0x600058f8                ADC_ETC_ERROR_IRQ_IRQHandler
 .text.PIT_IRQHandler
                0x60005900        0x8 ./startup/startup_mimxrt1052.o
                0x60005900                PIT_IRQHandler
 .text.ACMP1_IRQHandler
                0x60005908        0x8 ./startup/startup_mimxrt1052.o
                0x60005908                ACMP1_IRQHandler
 .text.ACMP2_IRQHandler
                0x60005910        0x8 ./startup/startup_mimxrt1052.o
                0x60005910                ACMP2_IRQHandler
 .text.ACMP3_IRQHandler
                0x60005918        0x8 ./startup/startup_mimxrt1052.o
                0x60005918                ACMP3_IRQHandler
 .text.ACMP4_IRQHandler
                0x60005920        0x8 ./startup/startup_mimxrt1052.o
                0x60005920                ACMP4_IRQHandler
 .text.Reserved143_IRQHandler
                0x60005928        0x8 ./startup/startup_mimxrt1052.o
                0x60005928                Reserved143_IRQHandler
 .text.Reserved144_IRQHandler
                0x60005930        0x8 ./startup/startup_mimxrt1052.o
                0x60005930                Reserved144_IRQHandler
 .text.ENC1_IRQHandler
                0x60005938        0x8 ./startup/startup_mimxrt1052.o
                0x60005938                ENC1_IRQHandler
 .text.ENC2_IRQHandler
                0x60005940        0x8 ./startup/startup_mimxrt1052.o
                0x60005940                ENC2_IRQHandler
 .text.ENC3_IRQHandler
                0x60005948        0x8 ./startup/startup_mimxrt1052.o
                0x60005948                ENC3_IRQHandler
 .text.ENC4_IRQHandler
                0x60005950        0x8 ./startup/startup_mimxrt1052.o
                0x60005950                ENC4_IRQHandler
 .text.TMR1_IRQHandler
                0x60005958        0x8 ./startup/startup_mimxrt1052.o
                0x60005958                TMR1_IRQHandler
 .text.TMR2_IRQHandler
                0x60005960        0x8 ./startup/startup_mimxrt1052.o
                0x60005960                TMR2_IRQHandler
 .text.TMR3_IRQHandler
                0x60005968        0x8 ./startup/startup_mimxrt1052.o
                0x60005968                TMR3_IRQHandler
 .text.TMR4_IRQHandler
                0x60005970        0x8 ./startup/startup_mimxrt1052.o
                0x60005970                TMR4_IRQHandler
 .text.PWM2_0_IRQHandler
                0x60005978        0x8 ./startup/startup_mimxrt1052.o
                0x60005978                PWM2_0_IRQHandler
 .text.PWM2_1_IRQHandler
                0x60005980        0x8 ./startup/startup_mimxrt1052.o
                0x60005980                PWM2_1_IRQHandler
 .text.PWM2_2_IRQHandler
                0x60005988        0x8 ./startup/startup_mimxrt1052.o
                0x60005988                PWM2_2_IRQHandler
 .text.PWM2_3_IRQHandler
                0x60005990        0x8 ./startup/startup_mimxrt1052.o
                0x60005990                PWM2_3_IRQHandler
 .text.PWM2_FAULT_IRQHandler
                0x60005998        0x8 ./startup/startup_mimxrt1052.o
                0x60005998                PWM2_FAULT_IRQHandler
 .text.PWM3_0_IRQHandler
                0x600059a0        0x8 ./startup/startup_mimxrt1052.o
                0x600059a0                PWM3_0_IRQHandler
 .text.PWM3_1_IRQHandler
                0x600059a8        0x8 ./startup/startup_mimxrt1052.o
                0x600059a8                PWM3_1_IRQHandler
 .text.PWM3_2_IRQHandler
                0x600059b0        0x8 ./startup/startup_mimxrt1052.o
                0x600059b0                PWM3_2_IRQHandler
 .text.PWM3_3_IRQHandler
                0x600059b8        0x8 ./startup/startup_mimxrt1052.o
                0x600059b8                PWM3_3_IRQHandler
 .text.PWM3_FAULT_IRQHandler
                0x600059c0        0x8 ./startup/startup_mimxrt1052.o
                0x600059c0                PWM3_FAULT_IRQHandler
 .text.PWM4_0_IRQHandler
                0x600059c8        0x8 ./startup/startup_mimxrt1052.o
                0x600059c8                PWM4_0_IRQHandler
 .text.PWM4_1_IRQHandler
                0x600059d0        0x8 ./startup/startup_mimxrt1052.o
                0x600059d0                PWM4_1_IRQHandler
 .text.PWM4_2_IRQHandler
                0x600059d8        0x8 ./startup/startup_mimxrt1052.o
                0x600059d8                PWM4_2_IRQHandler
 .text.PWM4_3_IRQHandler
                0x600059e0        0x8 ./startup/startup_mimxrt1052.o
                0x600059e0                PWM4_3_IRQHandler
 .text.PWM4_FAULT_IRQHandler
                0x600059e8        0x8 ./startup/startup_mimxrt1052.o
                0x600059e8                PWM4_FAULT_IRQHandler
 .text.LedControlState_Toggle
                0x600059f0       0x32 ./source/SerialConsole_LEDControl.o
                0x600059f0                LedControlState_Toggle
 .text.HardFault_Handler
                0x60005a22       0x36 ./source/semihost_hardfault.o
                0x60005a22                HardFault_Handler
 .text.CLOCK_IsPllBypassed
                0x60005a58       0x32 ./drivers/fsl_clock.o
 .text.CLOCK_IsPllEnabled
                0x60005a8a       0x3c ./drivers/fsl_clock.o
 .text.CLOCK_GetPllBypassRefClk
                0x60005ac6       0x32 ./drivers/fsl_clock.o
 .text._SDK_AtomicLocalClearAndSet4Byte
                0x60005af8       0x50 ./drivers/fsl_gpio.o
 .text.CLOCK_EnableClock
                0x60005b48       0x1e ./drivers/fsl_gpio.o
 .text.GPIO_SetPinInterruptConfig
                0x60005b66       0x22 ./drivers/fsl_gpio.o
 .text._SDK_AtomicLocalClearAndSet4Byte
                0x60005b88       0x50 ./drivers/fsl_lpuart.o
 .text.CLOCK_EnableClock
                0x60005bd8       0x1e ./drivers/fsl_lpuart.o
 .text.LPUART_SoftwareReset
                0x60005bf6       0x2c ./drivers/fsl_lpuart.o
 .text.SystemInitHook
                0x60005c22        0xe ./device/system_MIMXRT1052.o
                0x60005c22                SystemInitHook
 .text.HAL_UartGetStatus
                0x60005c30       0x28 ./component/uart/fsl_adapter_lpuart.o
 .text.BOARD_InitDebugConsole
                0x60005c58       0x22 ./board/board.o
                0x60005c58                BOARD_InitDebugConsole
 .text._SDK_AtomicLocalClearAndSet4Byte
                0x60005c7a       0x50 ./board/clock_config.o
 .text.CLOCK_DisableClock
                0x60005cca       0x1e ./board/clock_config.o
 .text.CLOCK_SetPllBypass
                0x60005ce8       0x4e ./board/clock_config.o
 .text.IOMUXC_SetSaiMClkClockSource
                0x60005d36       0x6c ./board/clock_config.o
 .text.BOARD_InitBootClocks
                0x60005da2        0xc ./board/clock_config.o
                0x60005da2                BOARD_InitBootClocks
 .text._SDK_AtomicLocalClearAndSet4Byte
                0x60005dae       0x50 ./board/hardware_init.o
 .text.CLOCK_EnableClock
                0x60005dfe       0x1e ./board/hardware_init.o
 .text.BOARD_InitHardware
                0x60005e1c       0x22 ./board/hardware_init.o
                0x60005e1c                BOARD_InitHardware
 .text.Led_Toggle
                0x60005e3e       0x2c ./board/led.o
                0x60005e3e                Led_Toggle
 .text._SDK_AtomicLocalClearAndSet4Byte
                0x60005e6a       0x50 ./board/pin_mux.o
 .text.CLOCK_EnableClock
                0x60005eba       0x1e ./board/pin_mux.o
 .text.IOMUXC_SetPinMux
                0x60005ed8       0x3a ./board/pin_mux.o
 .text.IOMUXC_SetPinConfig
                0x60005f12       0x26 ./board/pin_mux.o
 .text.BOARD_InitBootPins
                0x60005f38       0x10 ./board/pin_mux.o
                0x60005f38                BOARD_InitBootPins
 .text.__main   0x60005f48        0xe C:/nxp/MCUXpressoIDE_24.12.148/ide/plugins/com.nxp.mcuxpresso.tools.win32_24.12.0.202407110909/tools/bin/../lib/gcc/arm-none-eabi/13.2.1/../../../../arm-none-eabi/lib/thumb/v7e-m+fp/hard\libcr_nohost_nf.a(_cr__main.o)
                0x60005f48                __main
 .text.memcpy   0x60005f56        0x4 C:/nxp/MCUXpressoIDE_24.12.148/ide/plugins/com.nxp.mcuxpresso.tools.win32_24.12.0.202407110909/tools/bin/../lib/gcc/arm-none-eabi/13.2.1/../../../../arm-none-eabi/lib/thumb/v7e-m+fp/hard\libcr_c.a(memcpy.o)
                0x60005f56                memcpy
 .text.memset   0x60005f5a        0x4 C:/nxp/MCUXpressoIDE_24.12.148/ide/plugins/com.nxp.mcuxpresso.tools.win32_24.12.0.202407110909/tools/bin/../lib/gcc/arm-none-eabi/13.2.1/../../../../arm-none-eabi/lib/thumb/v7e-m+fp/hard\libcr_c.a(memset.o)
                0x60005f5a                memset
 .text.free     0x60005f5e       0x30 C:/nxp/MCUXpressoIDE_24.12.148/ide/plugins/com.nxp.mcuxpresso.tools.win32_24.12.0.202407110909/tools/bin/../lib/gcc/arm-none-eabi/13.2.1/../../../../arm-none-eabi/lib/thumb/v7e-m+fp/hard\libcr_c.a(alloc.o)
                0x60005f5e                free
 .text.setvbuf  0x60005f8e       0x3e C:/nxp/MCUXpressoIDE_24.12.148/ide/plugins/com.nxp.mcuxpresso.tools.win32_24.12.0.202407110909/tools/bin/../lib/gcc/arm-none-eabi/13.2.1/../../../../arm-none-eabi/lib/thumb/v7e-m+fp/hard\libcr_c.a(setvbuf.o)
                0x60005f8e                setvbuf
 .text.strlen   0x60005fcc       0x4e C:/nxp/MCUXpressoIDE_24.12.148/ide/plugins/com.nxp.mcuxpresso.tools.win32_24.12.0.202407110909/tools/bin/../lib/gcc/arm-none-eabi/13.2.1/../../../../arm-none-eabi/lib/thumb/v7e-m+fp/hard\libcr_c.a(strlen.o)
                0x60005fcc                strlen
 .text._deferredlazyseek
                0x6000601a       0x40 C:/nxp/MCUXpressoIDE_24.12.148/ide/plugins/com.nxp.mcuxpresso.tools.win32_24.12.0.202407110909/tools/bin/../lib/gcc/arm-none-eabi/13.2.1/../../../../arm-none-eabi/lib/thumb/v7e-m+fp/hard\libcr_c.a(_deferredlazyseek.o)
                0x6000601a                _deferredlazyseek
 .text._fdopen  0x6000605a       0x68 C:/nxp/MCUXpressoIDE_24.12.148/ide/plugins/com.nxp.mcuxpresso.tools.win32_24.12.0.202407110909/tools/bin/../lib/gcc/arm-none-eabi/13.2.1/../../../../arm-none-eabi/lib/thumb/v7e-m+fp/hard\libcr_c.a(_fdopen.o)
                0x6000605a                _fdopen
 .text._fflush  0x600060c2       0x52 C:/nxp/MCUXpressoIDE_24.12.148/ide/plugins/com.nxp.mcuxpresso.tools.win32_24.12.0.202407110909/tools/bin/../lib/gcc/arm-none-eabi/13.2.1/../../../../arm-none-eabi/lib/thumb/v7e-m+fp/hard\libcr_c.a(_fflush.o)
                0x600060c2                _fflush
 .text.fclose   0x60006114       0x58 C:/nxp/MCUXpressoIDE_24.12.148/ide/plugins/com.nxp.mcuxpresso.tools.win32_24.12.0.202407110909/tools/bin/../lib/gcc/arm-none-eabi/13.2.1/../../../../arm-none-eabi/lib/thumb/v7e-m+fp/hard\libcr_c.a(fclose.o)
                0x60006114                fclose
 .text.remove   0x6000616c       0x14 C:/nxp/MCUXpressoIDE_24.12.148/ide/plugins/com.nxp.mcuxpresso.tools.win32_24.12.0.202407110909/tools/bin/../lib/gcc/arm-none-eabi/13.2.1/../../../../arm-none-eabi/lib/thumb/v7e-m+fp/hard\libcr_c.a(remove.o)
                0x6000616c                remove
 .text._do_fflush
                0x60006180       0x40 C:/nxp/MCUXpressoIDE_24.12.148/ide/plugins/com.nxp.mcuxpresso.tools.win32_24.12.0.202407110909/tools/bin/../lib/gcc/arm-none-eabi/13.2.1/../../../../arm-none-eabi/lib/thumb/v7e-m+fp/hard\libcr_c.a(_do_fflush.o)
                0x60006180                _do_fflush
 .text.__aeabi_division_uldivmod
                0x600061c0      0x174 C:/nxp/MCUXpressoIDE_24.12.148/ide/plugins/com.nxp.mcuxpresso.tools.win32_24.12.0.202407110909/tools/bin/../lib/gcc/arm-none-eabi/13.2.1/thumb/v7e-m+fp/hard\libcr_eabihelpers.a(division_64.o)
                0x600061c0                __aeabi_uldivmod
                0x600061c4                __bhs_ldivmod1
 .text.__aeabi_division_idiv0
                0x60006334        0x2 C:/nxp/MCUXpressoIDE_24.12.148/ide/plugins/com.nxp.mcuxpresso.tools.win32_24.12.0.202407110909/tools/bin/../lib/gcc/arm-none-eabi/13.2.1/thumb/v7e-m+fp/hard\libcr_eabihelpers.a(division_idiv0.o)
                0x60006334                __aeabi_idiv0
 .text.__aeabi_memcpy
                0x60006336       0x34 C:/nxp/MCUXpressoIDE_24.12.148/ide/plugins/com.nxp.mcuxpresso.tools.win32_24.12.0.202407110909/tools/bin/../lib/gcc/arm-none-eabi/13.2.1/thumb/v7e-m+fp/hard\libcr_eabihelpers.a(memcpy.o)
                0x60006336                __aeabi_memcpy
                0x60006340                __aeabi_memcpy8
                0x60006340                __aeabi_memcpy4
 .text.__aeabi_memset_lowlevel
                0x6000636a       0x32 C:/nxp/MCUXpressoIDE_24.12.148/ide/plugins/com.nxp.mcuxpresso.tools.win32_24.12.0.202407110909/tools/bin/../lib/gcc/arm-none-eabi/13.2.1/thumb/v7e-m+fp/hard\libcr_eabihelpers.a(memcpy.o)
                0x6000636a                __aeabi_lowlevel_memset
 .text.__sys_close
                0x6000639c        0x6 C:/nxp/MCUXpressoIDE_24.12.148/ide/plugins/com.nxp.mcuxpresso.tools.win32_24.12.0.202407110909/tools/bin/../lib/gcc/arm-none-eabi/13.2.1/../../../../arm-none-eabi/lib/thumb/v7e-m+fp/hard\libcr_nohost_nf.a(__sys_close.o)
                0x6000639c                __sys_close
 .text.__sys_flen
                0x600063a2        0x6 C:/nxp/MCUXpressoIDE_24.12.148/ide/plugins/com.nxp.mcuxpresso.tools.win32_24.12.0.202407110909/tools/bin/../lib/gcc/arm-none-eabi/13.2.1/../../../../arm-none-eabi/lib/thumb/v7e-m+fp/hard\libcr_nohost_nf.a(__sys_flen.o)
                0x600063a2                __sys_flen
 .text.__sys_istty
                0x600063a8        0x6 C:/nxp/MCUXpressoIDE_24.12.148/ide/plugins/com.nxp.mcuxpresso.tools.win32_24.12.0.202407110909/tools/bin/../lib/gcc/arm-none-eabi/13.2.1/../../../../arm-none-eabi/lib/thumb/v7e-m+fp/hard\libcr_nohost_nf.a(__sys_istty.o)
                0x600063a8                __sys_istty
 .text.__sys_remove
                0x600063ae        0x6 C:/nxp/MCUXpressoIDE_24.12.148/ide/plugins/com.nxp.mcuxpresso.tools.win32_24.12.0.202407110909/tools/bin/../lib/gcc/arm-none-eabi/13.2.1/../../../../arm-none-eabi/lib/thumb/v7e-m+fp/hard\libcr_nohost_nf.a(__sys_remove.o)
                0x600063ae                __sys_remove
 .text.__sys_seek
                0x600063b4        0x6 C:/nxp/MCUXpressoIDE_24.12.148/ide/plugins/com.nxp.mcuxpresso.tools.win32_24.12.0.202407110909/tools/bin/../lib/gcc/arm-none-eabi/13.2.1/../../../../arm-none-eabi/lib/thumb/v7e-m+fp/hard\libcr_nohost_nf.a(__sys_seek.o)
                0x600063b4                __sys_seek
 .text.__sys_tmpnam
                0x600063ba        0x6 C:/nxp/MCUXpressoIDE_24.12.148/ide/plugins/com.nxp.mcuxpresso.tools.win32_24.12.0.202407110909/tools/bin/../lib/gcc/arm-none-eabi/13.2.1/../../../../arm-none-eabi/lib/thumb/v7e-m+fp/hard\libcr_nohost_nf.a(__sys_tmpnam.o)
                0x600063ba                __sys_tmpnam
 .text.__sys_write
                0x600063c0        0x4 C:/nxp/MCUXpressoIDE_24.12.148/ide/plugins/com.nxp.mcuxpresso.tools.win32_24.12.0.202407110909/tools/bin/../lib/gcc/arm-none-eabi/13.2.1/../../../../arm-none-eabi/lib/thumb/v7e-m+fp/hard\libcr_nohost_nf.a(__sys_write.o)
                0x600063c0                __sys_write
 *(SORT_BY_ALIGNMENT(.rodata) SORT_BY_ALIGNMENT(.rodata.*) SORT_BY_ALIGNMENT(.constdata) SORT_BY_ALIGNMENT(.constdata.*))
 .rodata.__assertion_failed.str1.4
                0x600063c4      0x7f4 ./utilities/fsl_assert.o
                                 0x14 (size before relaxing)
 .rodata.Print_Menu.str1.4
                0x60006bb8       0x6e ./source/SerialConsole_LEDControl.o
 .rodata.main.str1.4
                0x60006bb8       0xb5 ./source/SerialConsole_LEDControl.o
 .rodata.CLOCK_InitExternalClk.str1.4
                0x60006bb8       0x21 ./drivers/fsl_clock.o
 .rodata.CLOCK_GetPllFreq.str1.4
                0x60006bb8       0x6d ./drivers/fsl_clock.o
 .rodata.enetRefClkFreq.1
                0x60006bb8       0x10 ./drivers/fsl_clock.o
 .rodata.CLOCK_ControlGate.str1.4
                0x60006bc8       0x20 ./drivers/fsl_gpio.o
 .rodata.s_gpioBases
                0x60006bc8       0x18 ./drivers/fsl_gpio.o
 .rodata.s_gpioClock
                0x60006be0        0xc ./drivers/fsl_gpio.o
 .rodata.GPIO_GetInstance.str1.4
                0x60006bec       0x33 ./drivers/fsl_gpio.o
 .rodata.GPIO_PinWrite.str1.4
                0x60006bec       0x1b ./drivers/fsl_gpio.o
 .rodata.CLOCK_ControlGate.str1.4
                0x60006bec       0x20 ./drivers/fsl_lpuart.o
 .rodata.s_lpuartBases
                0x60006bec       0x24 ./drivers/fsl_lpuart.o
 .rodata.s_lpuartClock
                0x60006c10       0x12 ./drivers/fsl_lpuart.o
 .rodata.LPUART_GetInstance.str1.4
                0x60006c22       0x38 ./drivers/fsl_lpuart.o
 .rodata.LPUART_Init.str1.4
                0x60006c22      0x10a ./drivers/fsl_lpuart.o
 .rodata.LPUART_GetDefaultConfig.str1.4
                0x60006c22       0x22 ./drivers/fsl_lpuart.o
 .rodata.LPUART_WriteBlocking.str1.4
                0x60006c22       0x21 ./drivers/fsl_lpuart.o
 .rodata.LPUART_ReadBlocking.str1.4
                0x60006c22       0x21 ./drivers/fsl_lpuart.o
 *fill*         0x60006c22        0x2 ff
 .rodata.s_LpuartAdapterBase
                0x60006c24       0x24 ./component/uart/fsl_adapter_lpuart.o
 .rodata.HAL_UartInit.str1.4
                0x60006c48      0x116 ./component/uart/fsl_adapter_lpuart.o
 .rodata.HAL_UartReceiveBlocking.str1.4
                0x60006c48       0x7b ./component/uart/fsl_adapter_lpuart.o
 .rodata.HAL_UartSendBlocking.str1.4
                0x60006c48       0x7b ./component/uart/fsl_adapter_lpuart.o
 .rodata.BOARD_ConfigMPU.str1.4
                0x60006c48       0x69 ./board/board.o
 .rodata.CLOCK_SetMux.str1.4
                0x60006c48       0x91 ./board/clock_config.o
 .rodata.CLOCK_SetDiv.str1.4
                0x60006c48       0x91 ./board/clock_config.o
 .rodata.CLOCK_ControlGate.str1.4
                0x60006c48       0x80 ./board/clock_config.o
 .rodata.armPllConfig_BOARD_BootClockRUN
                0x60006c48        0x8 ./board/clock_config.o
                0x60006c48                armPllConfig_BOARD_BootClockRUN
 .rodata.sysPllConfig_BOARD_BootClockRUN
                0x60006c50       0x14 ./board/clock_config.o
                0x60006c50                sysPllConfig_BOARD_BootClockRUN
 .rodata.CLOCK_ControlGate.str1.4
                0x60006c64       0x80 ./board/hardware_init.o
 .rodata.CLOCK_ControlGate.str1.4
                0x60006c64       0x80 ./board/pin_mux.o
 .rodata.__num_Ciob_streams
                0x60006c64        0x4 C:/nxp/MCUXpressoIDE_24.12.148/ide/plugins/com.nxp.mcuxpresso.tools.win32_24.12.0.202407110909/tools/bin/../lib/gcc/arm-none-eabi/13.2.1/../../../../arm-none-eabi/lib/thumb/v7e-m+fp/hard\libcr_nohost_nf.a(__ciob.o)
                0x60006c64                __num_Ciob_streams
 .rodata._initio.str1.1
                0x60006c68        0x4 C:/nxp/MCUXpressoIDE_24.12.148/ide/plugins/com.nxp.mcuxpresso.tools.win32_24.12.0.202407110909/tools/bin/../lib/gcc/arm-none-eabi/13.2.1/../../../../arm-none-eabi/lib/thumb/v7e-m+fp/hard\libcr_c.a(initio.o)
                0x60006d60                        . = ALIGN (0x4)

.glue_7         0x60006c6c        0x0
 .glue_7        0x60006c6c        0x0 linker stubs

.glue_7t        0x60006c6c        0x0
 .glue_7t       0x60006c6c        0x0 linker stubs

.vfp11_veneer   0x60006c6c        0x0
 .vfp11_veneer  0x60006c6c        0x0 linker stubs

.v4_bx          0x60006c6c        0x0
 .v4_bx         0x60006c6c        0x0 linker stubs

.iplt           0x60006c6c        0x0
 .iplt          0x60006c6c        0x0 ./xip/fsl_flexspi_nor_boot.o

.rel.dyn        0x60006c6c        0x0
 .rel.iplt      0x60006c6c        0x0 ./xip/fsl_flexspi_nor_boot.o

.ARM.extab
 *(SORT_BY_ALIGNMENT(.ARM.extab*) SORT_BY_ALIGNMENT(.gnu.linkonce.armextab.*))

.ARM.exidx      0x60006c6c        0x0
                0x60006c6c                        __exidx_start = .
 *(SORT_BY_ALIGNMENT(.ARM.exidx*) SORT_BY_ALIGNMENT(.gnu.linkonce.armexidx.*))
                0x60006c6c                        __exidx_end = .
                0x60006c6c                        _etext = .

.data_RAM2      0x00000000        0x0 load address 0x60006c6c
 FILL mask 0xff
                [!provide]                        PROVIDE (__start_data_RAM2 = .)
                [!provide]                        PROVIDE (__start_data_SRAM_ITC = .)
 *(SORT_BY_ALIGNMENT(.ramfunc.$RAM2))
 *(SORT_BY_ALIGNMENT(.ramfunc.$SRAM_ITC))
 *(SORT_BY_ALIGNMENT(.data.$RAM2))
 *(SORT_BY_ALIGNMENT(.data.$SRAM_ITC))
 *(SORT_BY_ALIGNMENT(.data.$RAM2.*))
 *(SORT_BY_ALIGNMENT(.data.$SRAM_ITC.*))
                0x00000000                        . = ALIGN (0x4)
                [!provide]                        PROVIDE (__end_data_RAM2 = .)
                [!provide]                        PROVIDE (__end_data_SRAM_ITC = .)

.data_RAM3      0x20200000        0x0 load address 0x60006c6c
 FILL mask 0xff
                [!provide]                        PROVIDE (__start_data_RAM3 = .)
                [!provide]                        PROVIDE (__start_data_SRAM_OC = .)
 *(SORT_BY_ALIGNMENT(.ramfunc.$RAM3))
 *(SORT_BY_ALIGNMENT(.ramfunc.$SRAM_OC))
 *(SORT_BY_ALIGNMENT(.data.$RAM3))
 *(SORT_BY_ALIGNMENT(.data.$SRAM_OC))
 *(SORT_BY_ALIGNMENT(.data.$RAM3.*))
 *(SORT_BY_ALIGNMENT(.data.$SRAM_OC.*))
                0x20200000                        . = ALIGN (0x4)
                [!provide]                        PROVIDE (__end_data_RAM3 = .)
                [!provide]                        PROVIDE (__end_data_SRAM_OC = .)

.data_RAM4      0x80000000        0x0 load address 0x60006c6c
 FILL mask 0xff
                [!provide]                        PROVIDE (__start_data_RAM4 = .)
                [!provide]                        PROVIDE (__start_data_BOARD_SDRAM = .)
 *(SORT_BY_ALIGNMENT(.ramfunc.$RAM4))
 *(SORT_BY_ALIGNMENT(.ramfunc.$BOARD_SDRAM))
 *(SORT_BY_ALIGNMENT(.data.$RAM4))
 *(SORT_BY_ALIGNMENT(.data.$BOARD_SDRAM))
 *(SORT_BY_ALIGNMENT(.data.$RAM4.*))
 *(SORT_BY_ALIGNMENT(.data.$BOARD_SDRAM.*))
                0x80000000                        . = ALIGN (0x4)
                [!provide]                        PROVIDE (__end_data_RAM4 = .)
                [!provide]                        PROVIDE (__end_data_BOARD_SDRAM = .)

.data_RAM5      0x81e00000        0x0 load address 0x60006c6c
 FILL mask 0xff
                [!provide]                        PROVIDE (__start_data_RAM5 = .)
                [!provide]                        PROVIDE (__start_data_NCACHE_REGION = .)
 *(SORT_BY_ALIGNMENT(.ramfunc.$RAM5))
 *(SORT_BY_ALIGNMENT(.ramfunc.$NCACHE_REGION))
 *(SORT_BY_ALIGNMENT(.data.$RAM5))
 *(SORT_BY_ALIGNMENT(.data.$NCACHE_REGION))
 *(SORT_BY_ALIGNMENT(.data.$RAM5.*))
 *(SORT_BY_ALIGNMENT(.data.$NCACHE_REGION.*))
                0x81e00000                        . = ALIGN (0x4)
                [!provide]                        PROVIDE (__end_data_RAM5 = .)
                [!provide]                        PROVIDE (__end_data_NCACHE_REGION = .)

.uninit_RESERVED
                0x20000000        0x0
                0x20000000                        _start_uninit_RESERVED = .
 *(SORT_BY_ALIGNMENT(.bss.$RESERVED*))
                0x20000000                        . = ALIGN (0x4)
                0x20000000                        _end_uninit_RESERVED = .

.data           0x20000000        0x8 load address 0x60006c6c
 FILL mask 0xff
                0x20000000                        _data = .
                [!provide]                        PROVIDE (__start_data_RAM = .)
                [!provide]                        PROVIDE (__start_data_SRAM_DTC = .)
 *(SORT_BY_ALIGNMENT(vtable))
 *(SORT_BY_ALIGNMENT(.ramfunc*))
 *(SORT_BY_ALIGNMENT(CodeQuickAccess))
 *(SORT_BY_ALIGNMENT(DataQuickAccess))
 *(SORT_BY_ALIGNMENT(RamFunction))
 *(SORT_BY_ALIGNMENT(.data*))
 .data.led_blink_interval
                0x20000000        0x4 ./source/SerialConsole_LEDControl.o
                0x20000000                led_blink_interval
 .data.SystemCoreClock
                0x20000004        0x4 ./device/system_MIMXRT1052.o
                0x20000004                SystemCoreClock
                0x20000008                        . = ALIGN (0x4)
                0x20000008                        _edata = .
                [!provide]                        PROVIDE (__end_data_RAM = .)
                [!provide]                        PROVIDE (__end_data_SRAM_DTC = .)

.igot.plt       0x20000008        0x0 load address 0x60006c74
 .igot.plt      0x20000008        0x0 ./xip/fsl_flexspi_nor_boot.o

.bss_RAM2       0x00000000        0x0
                [!provide]                        PROVIDE (__start_bss_RAM2 = .)
                [!provide]                        PROVIDE (__start_bss_SRAM_ITC = .)
 *(SORT_BY_ALIGNMENT(.bss.$RAM2))
 *(SORT_BY_ALIGNMENT(.bss.$SRAM_ITC))
 *(SORT_BY_ALIGNMENT(.bss.$RAM2.*))
 *(SORT_BY_ALIGNMENT(.bss.$SRAM_ITC.*))
                0x00000000                        . = ALIGN ((. != 0x0)?0x4:0x1)
                [!provide]                        PROVIDE (__end_bss_RAM2 = .)
                [!provide]                        PROVIDE (__end_bss_SRAM_ITC = .)

.bss_RAM3       0x20200000        0x0
                [!provide]                        PROVIDE (__start_bss_RAM3 = .)
                [!provide]                        PROVIDE (__start_bss_SRAM_OC = .)
 *(SORT_BY_ALIGNMENT(.bss.$RAM3))
 *(SORT_BY_ALIGNMENT(.bss.$SRAM_OC))
 *(SORT_BY_ALIGNMENT(.bss.$RAM3.*))
 *(SORT_BY_ALIGNMENT(.bss.$SRAM_OC.*))
                0x20200000                        . = ALIGN ((. != 0x0)?0x4:0x1)
                [!provide]                        PROVIDE (__end_bss_RAM3 = .)
                [!provide]                        PROVIDE (__end_bss_SRAM_OC = .)

.bss_RAM4       0x80000000        0x0
                [!provide]                        PROVIDE (__start_bss_RAM4 = .)
                [!provide]                        PROVIDE (__start_bss_BOARD_SDRAM = .)
 *(SORT_BY_ALIGNMENT(.bss.$RAM4))
 *(SORT_BY_ALIGNMENT(.bss.$BOARD_SDRAM))
 *(SORT_BY_ALIGNMENT(.bss.$RAM4.*))
 *(SORT_BY_ALIGNMENT(.bss.$BOARD_SDRAM.*))
                0x80000000                        . = ALIGN ((. != 0x0)?0x4:0x1)
                [!provide]                        PROVIDE (__end_bss_RAM4 = .)
                [!provide]                        PROVIDE (__end_bss_BOARD_SDRAM = .)

.bss_RAM5       0x81e00000        0x0
                [!provide]                        PROVIDE (__start_bss_RAM5 = .)
                [!provide]                        PROVIDE (__start_bss_NCACHE_REGION = .)
 *(SORT_BY_ALIGNMENT(.bss.$RAM5))
 *(SORT_BY_ALIGNMENT(.bss.$NCACHE_REGION))
 *(SORT_BY_ALIGNMENT(.bss.$RAM5.*))
 *(SORT_BY_ALIGNMENT(.bss.$NCACHE_REGION.*))
                0x81e00000                        . = ALIGN ((. != 0x0)?0x4:0x1)
                [!provide]                        PROVIDE (__end_bss_RAM5 = .)
                [!provide]                        PROVIDE (__end_bss_NCACHE_REGION = .)

.bss            0x20000008      0x128
                0x20000008                        _bss = .
                [!provide]                        PROVIDE (__start_bss_RAM = .)
                [!provide]                        PROVIDE (__start_bss_SRAM_DTC = .)
 *(SORT_BY_ALIGNMENT(.bss*))
 .bss.s_debugConsole
                0x20000008       0x14 ./utilities/debug_console_lite/fsl_debug_console.o
 .bss.systick_cycle_target
                0x2000001c        0x4 ./source/SerialConsole_LEDControl.o
                0x2000001c                systick_cycle_target
 .bss.systick_cycle_counter
                0x20000020        0x4 ./source/SerialConsole_LEDControl.o
                0x20000020                systick_cycle_counter
 .bss.g_xtalFreq
                0x20000024        0x4 ./drivers/fsl_clock.o
                0x20000024                g_xtalFreq
 .bss.g_rtcXtalFreq
                0x20000028        0x4 ./drivers/fsl_clock.o
                0x20000028                g_rtcXtalFreq
 .bss.s_lpuartHandle
                0x2000002c       0x24 ./drivers/fsl_lpuart.o
                0x2000002c                s_lpuartHandle
 .bss.s_lpuartIsr
                0x20000050       0x24 ./drivers/fsl_lpuart.o
                0x20000050                s_lpuartIsr
 .bss.errno     0x20000074        0x4 C:/nxp/MCUXpressoIDE_24.12.148/ide/plugins/com.nxp.mcuxpresso.tools.win32_24.12.0.202407110909/tools/bin/../lib/gcc/arm-none-eabi/13.2.1/../../../../arm-none-eabi/lib/thumb/v7e-m+fp/hard\libcr_c.a(errno.o)
                0x20000074                errno
 .bss.__Ciob    0x20000078       0xb4 C:/nxp/MCUXpressoIDE_24.12.148/ide/plugins/com.nxp.mcuxpresso.tools.win32_24.12.0.202407110909/tools/bin/../lib/gcc/arm-none-eabi/13.2.1/../../../../arm-none-eabi/lib/thumb/v7e-m+fp/hard\libcr_nohost_nf.a(__ciob.o)
                0x20000078                __Ciob
 .bss.led_state
                0x2000012c        0x1 ./source/SerialConsole_LEDControl.o
                0x2000012c                led_state
 .bss.led_control_state
                0x2000012d        0x1 ./source/SerialConsole_LEDControl.o
                0x2000012d                led_control_state
 *(SORT_BY_ALIGNMENT(COMMON))
                0x20000130                        . = ALIGN (0x4)
 *fill*         0x2000012e        0x2 
                0x20000130                        _ebss = .
                [!provide]                        PROVIDE (__end_bss_RAM = .)
                [!provide]                        PROVIDE (__end_bss_SRAM_DTC = .)
                [!provide]                        PROVIDE (end = .)

.noinit_RAM2    0x00000000        0x0
                [!provide]                        PROVIDE (__start_noinit_RAM2 = .)
                [!provide]                        PROVIDE (__start_noinit_SRAM_ITC = .)
 *(SORT_BY_ALIGNMENT(.noinit.$RAM2))
 *(SORT_BY_ALIGNMENT(.noinit.$SRAM_ITC))
 *(SORT_BY_ALIGNMENT(.noinit.$RAM2.*))
 *(SORT_BY_ALIGNMENT(.noinit.$SRAM_ITC.*))
                0x00000000                        . = ALIGN (0x4)
                [!provide]                        PROVIDE (__end_noinit_RAM2 = .)
                [!provide]                        PROVIDE (__end_noinit_SRAM_ITC = .)

.noinit_RAM3    0x20200000        0x0
                [!provide]                        PROVIDE (__start_noinit_RAM3 = .)
                [!provide]                        PROVIDE (__start_noinit_SRAM_OC = .)
 *(SORT_BY_ALIGNMENT(.noinit.$RAM3))
 *(SORT_BY_ALIGNMENT(.noinit.$SRAM_OC))
 *(SORT_BY_ALIGNMENT(.noinit.$RAM3.*))
 *(SORT_BY_ALIGNMENT(.noinit.$SRAM_OC.*))
                0x20200000                        . = ALIGN (0x4)
                [!provide]                        PROVIDE (__end_noinit_RAM3 = .)
                [!provide]                        PROVIDE (__end_noinit_SRAM_OC = .)

.noinit_RAM4    0x80000000        0x0
                [!provide]                        PROVIDE (__start_noinit_RAM4 = .)
                [!provide]                        PROVIDE (__start_noinit_BOARD_SDRAM = .)
 *(SORT_BY_ALIGNMENT(.noinit.$RAM4))
 *(SORT_BY_ALIGNMENT(.noinit.$BOARD_SDRAM))
 *(SORT_BY_ALIGNMENT(.noinit.$RAM4.*))
 *(SORT_BY_ALIGNMENT(.noinit.$BOARD_SDRAM.*))
                0x80000000                        . = ALIGN (0x4)
                [!provide]                        PROVIDE (__end_noinit_RAM4 = .)
                [!provide]                        PROVIDE (__end_noinit_BOARD_SDRAM = .)

.noinit_RAM5    0x81e00000        0x0
                [!provide]                        PROVIDE (__start_noinit_RAM5 = .)
                [!provide]                        PROVIDE (__start_noinit_NCACHE_REGION = .)
 *(SORT_BY_ALIGNMENT(.noinit.$RAM5))
 *(SORT_BY_ALIGNMENT(.noinit.$NCACHE_REGION))
 *(SORT_BY_ALIGNMENT(.noinit.$RAM5.*))
 *(SORT_BY_ALIGNMENT(.noinit.$NCACHE_REGION.*))
                0x81e00000                        . = ALIGN (0x4)
                [!provide]                        PROVIDE (__end_noinit_RAM5 = .)
                [!provide]                        PROVIDE (__end_noinit_NCACHE_REGION = .)

.noinit         0x20000130        0x0
                0x20000130                        _noinit = .
                [!provide]                        PROVIDE (__start_noinit_RAM = .)
                [!provide]                        PROVIDE (__start_noinit_SRAM_DTC = .)
 *(SORT_BY_ALIGNMENT(.noinit*))
                0x20000130                        . = ALIGN (0x4)
                0x20000130                        _end_noinit = .
                [!provide]                        PROVIDE (__end_noinit_RAM = .)
                [!provide]                        PROVIDE (__end_noinit_SRAM_DTC = .)
                0x00001000                        _HeapSize = 0x1000

.heap           0x20000130     0x1000
                0x20000130                        _pvHeapStart = .
                0x20001130                        . = (. + _HeapSize)
 *fill*         0x20000130     0x1000 
                0x20001130                        . = ALIGN (0x4)
                0x20001130                        _pvHeapLimit = .
                0x00001000                        _StackSize = 0x1000

.heap2stackfill
                0x20001130     0x1000
                0x20002130                        . = (. + _StackSize)
 *fill*         0x20001130     0x1000 

.stack          0x2001f000        0x0
                0x2001f000                        _vStackBase = .
                0x2001f000                        . = ALIGN (0x4)
                0x20020000                        _vStackTop = (. + _StackSize)
                0x60002000                        _image_start = LOADADDR (.text)
                0x60006c74                        _image_end = (LOADADDR (.data) + SIZEOF (.data))
                0x00004c74                        _image_size = (_image_end - _image_start)
OUTPUT(SerialConsole_LEDControl.axf elf32-littlearm)
LOAD linker stubs

.debug_info     0x00000000    0x11cab
 .debug_info    0x00000000      0x87d ./xip/evkbimxrt1050_flexspi_nor_config.o
 .debug_info    0x0000087d      0x4a5 ./xip/fsl_flexspi_nor_boot.o
 .debug_info    0x00000d22      0xcf4 ./utilities/debug_console_lite/fsl_debug_console.o
 .debug_info    0x00001a16      0x12e ./utilities/fsl_assert.o
 .debug_info    0x00001b44     0x1426 ./startup/startup_mimxrt1052.o
 .debug_info    0x00002f6a      0xf0b ./source/SerialConsole_LEDControl.o
 .debug_info    0x00003e75       0x3c ./source/semihost_hardfault.o
 .debug_info    0x00003eb1     0x246a ./drivers/fsl_clock.o
 .debug_info    0x0000631b      0xdf7 ./drivers/fsl_gpio.o
 .debug_info    0x00007112     0x2a96 ./drivers/fsl_lpuart.o
 .debug_info    0x00009ba8      0xbe0 ./device/system_MIMXRT1052.o
 .debug_info    0x0000a788      0xbf5 ./component/uart/fsl_adapter_lpuart.o
 .debug_info    0x0000b37d      0xffa ./board/board.o
 .debug_info    0x0000c377     0x1a26 ./board/clock_config.o
 .debug_info    0x0000dd9d      0x7d5 ./board/hardware_init.o
 .debug_info    0x0000e572      0x1ca ./board/led.o
 .debug_info    0x0000e73c      0xaf8 ./board/pin_mux.o
 .debug_info    0x0000f234       0x85 C:/nxp/MCUXpressoIDE_24.12.148/ide/plugins/com.nxp.mcuxpresso.tools.win32_24.12.0.202407110909/tools/bin/../lib/gcc/arm-none-eabi/13.2.1/../../../../arm-none-eabi/lib/thumb/v7e-m+fp/hard\libcr_nohost_nf.a(_cr__main.o)
 .debug_info    0x0000f2b9      0x12b C:/nxp/MCUXpressoIDE_24.12.148/ide/plugins/com.nxp.mcuxpresso.tools.win32_24.12.0.202407110909/tools/bin/../lib/gcc/arm-none-eabi/13.2.1/../../../../arm-none-eabi/lib/thumb/v7e-m+fp/hard\libcr_c.a(memcpy.o)
 .debug_info    0x0000f3e4       0xfc C:/nxp/MCUXpressoIDE_24.12.148/ide/plugins/com.nxp.mcuxpresso.tools.win32_24.12.0.202407110909/tools/bin/../lib/gcc/arm-none-eabi/13.2.1/../../../../arm-none-eabi/lib/thumb/v7e-m+fp/hard\libcr_c.a(memset.o)
 .debug_info    0x0000f4e0      0x520 C:/nxp/MCUXpressoIDE_24.12.148/ide/plugins/com.nxp.mcuxpresso.tools.win32_24.12.0.202407110909/tools/bin/../lib/gcc/arm-none-eabi/13.2.1/../../../../arm-none-eabi/lib/thumb/v7e-m+fp/hard\libcr_c.a(alloc.o)
 .debug_info    0x0000fa00       0x44 C:/nxp/MCUXpressoIDE_24.12.148/ide/plugins/com.nxp.mcuxpresso.tools.win32_24.12.0.202407110909/tools/bin/../lib/gcc/arm-none-eabi/13.2.1/../../../../arm-none-eabi/lib/thumb/v7e-m+fp/hard\libcr_c.a(errno.o)
 .debug_info    0x0000fa44      0x339 C:/nxp/MCUXpressoIDE_24.12.148/ide/plugins/com.nxp.mcuxpresso.tools.win32_24.12.0.202407110909/tools/bin/../lib/gcc/arm-none-eabi/13.2.1/../../../../arm-none-eabi/lib/thumb/v7e-m+fp/hard\libcr_c.a(initio.o)
 .debug_info    0x0000fd7d      0x1fd C:/nxp/MCUXpressoIDE_24.12.148/ide/plugins/com.nxp.mcuxpresso.tools.win32_24.12.0.202407110909/tools/bin/../lib/gcc/arm-none-eabi/13.2.1/../../../../arm-none-eabi/lib/thumb/v7e-m+fp/hard\libcr_c.a(setvbuf.o)
 .debug_info    0x0000ff7a       0xe1 C:/nxp/MCUXpressoIDE_24.12.148/ide/plugins/com.nxp.mcuxpresso.tools.win32_24.12.0.202407110909/tools/bin/../lib/gcc/arm-none-eabi/13.2.1/../../../../arm-none-eabi/lib/thumb/v7e-m+fp/hard\libcr_c.a(strlen.o)
 .debug_info    0x0001005b      0x369 C:/nxp/MCUXpressoIDE_24.12.148/ide/plugins/com.nxp.mcuxpresso.tools.win32_24.12.0.202407110909/tools/bin/../lib/gcc/arm-none-eabi/13.2.1/../../../../arm-none-eabi/lib/thumb/v7e-m+fp/hard\libcr_c.a(_deferredlazyseek.o)
 .debug_info    0x000103c4      0x24b C:/nxp/MCUXpressoIDE_24.12.148/ide/plugins/com.nxp.mcuxpresso.tools.win32_24.12.0.202407110909/tools/bin/../lib/gcc/arm-none-eabi/13.2.1/../../../../arm-none-eabi/lib/thumb/v7e-m+fp/hard\libcr_c.a(_fdopen.o)
 .debug_info    0x0001060f      0x1e3 C:/nxp/MCUXpressoIDE_24.12.148/ide/plugins/com.nxp.mcuxpresso.tools.win32_24.12.0.202407110909/tools/bin/../lib/gcc/arm-none-eabi/13.2.1/../../../../arm-none-eabi/lib/thumb/v7e-m+fp/hard\libcr_c.a(_fflush.o)
 .debug_info    0x000107f2      0x289 C:/nxp/MCUXpressoIDE_24.12.148/ide/plugins/com.nxp.mcuxpresso.tools.win32_24.12.0.202407110909/tools/bin/../lib/gcc/arm-none-eabi/13.2.1/../../../../arm-none-eabi/lib/thumb/v7e-m+fp/hard\libcr_c.a(_writebuf.o)
 .debug_info    0x00010a7b      0x318 C:/nxp/MCUXpressoIDE_24.12.148/ide/plugins/com.nxp.mcuxpresso.tools.win32_24.12.0.202407110909/tools/bin/../lib/gcc/arm-none-eabi/13.2.1/../../../../arm-none-eabi/lib/thumb/v7e-m+fp/hard\libcr_c.a(fclose.o)
 .debug_info    0x00010d93      0x209 C:/nxp/MCUXpressoIDE_24.12.148/ide/plugins/com.nxp.mcuxpresso.tools.win32_24.12.0.202407110909/tools/bin/../lib/gcc/arm-none-eabi/13.2.1/../../../../arm-none-eabi/lib/thumb/v7e-m+fp/hard\libcr_c.a(fflush.o)
 .debug_info    0x00010f9c      0x276 C:/nxp/MCUXpressoIDE_24.12.148/ide/plugins/com.nxp.mcuxpresso.tools.win32_24.12.0.202407110909/tools/bin/../lib/gcc/arm-none-eabi/13.2.1/../../../../arm-none-eabi/lib/thumb/v7e-m+fp/hard\libcr_c.a(fseek.o)
 .debug_info    0x00011212      0x197 C:/nxp/MCUXpressoIDE_24.12.148/ide/plugins/com.nxp.mcuxpresso.tools.win32_24.12.0.202407110909/tools/bin/../lib/gcc/arm-none-eabi/13.2.1/../../../../arm-none-eabi/lib/thumb/v7e-m+fp/hard\libcr_c.a(ftell.o)
 .debug_info    0x000113a9      0x1d7 C:/nxp/MCUXpressoIDE_24.12.148/ide/plugins/com.nxp.mcuxpresso.tools.win32_24.12.0.202407110909/tools/bin/../lib/gcc/arm-none-eabi/13.2.1/../../../../arm-none-eabi/lib/thumb/v7e-m+fp/hard\libcr_c.a(remove.o)
 .debug_info    0x00011580      0x23a C:/nxp/MCUXpressoIDE_24.12.148/ide/plugins/com.nxp.mcuxpresso.tools.win32_24.12.0.202407110909/tools/bin/../lib/gcc/arm-none-eabi/13.2.1/../../../../arm-none-eabi/lib/thumb/v7e-m+fp/hard\libcr_c.a(_do_fflush.o)
 .debug_info    0x000117ba      0x18b C:/nxp/MCUXpressoIDE_24.12.148/ide/plugins/com.nxp.mcuxpresso.tools.win32_24.12.0.202407110909/tools/bin/../lib/gcc/arm-none-eabi/13.2.1/../../../../arm-none-eabi/lib/thumb/v7e-m+fp/hard\libcr_nohost_nf.a(__ciob.o)
 .debug_info    0x00011945       0x6a C:/nxp/MCUXpressoIDE_24.12.148/ide/plugins/com.nxp.mcuxpresso.tools.win32_24.12.0.202407110909/tools/bin/../lib/gcc/arm-none-eabi/13.2.1/../../../../arm-none-eabi/lib/thumb/v7e-m+fp/hard\libcr_nohost_nf.a(__sys_close.o)
 .debug_info    0x000119af       0x6a C:/nxp/MCUXpressoIDE_24.12.148/ide/plugins/com.nxp.mcuxpresso.tools.win32_24.12.0.202407110909/tools/bin/../lib/gcc/arm-none-eabi/13.2.1/../../../../arm-none-eabi/lib/thumb/v7e-m+fp/hard\libcr_nohost_nf.a(__sys_flen.o)
 .debug_info    0x00011a19       0x6a C:/nxp/MCUXpressoIDE_24.12.148/ide/plugins/com.nxp.mcuxpresso.tools.win32_24.12.0.202407110909/tools/bin/../lib/gcc/arm-none-eabi/13.2.1/../../../../arm-none-eabi/lib/thumb/v7e-m+fp/hard\libcr_nohost_nf.a(__sys_istty.o)
 .debug_info    0x00011a83       0x8a C:/nxp/MCUXpressoIDE_24.12.148/ide/plugins/com.nxp.mcuxpresso.tools.win32_24.12.0.202407110909/tools/bin/../lib/gcc/arm-none-eabi/13.2.1/../../../../arm-none-eabi/lib/thumb/v7e-m+fp/hard\libcr_nohost_nf.a(__sys_remove.o)
 .debug_info    0x00011b0d       0x78 C:/nxp/MCUXpressoIDE_24.12.148/ide/plugins/com.nxp.mcuxpresso.tools.win32_24.12.0.202407110909/tools/bin/../lib/gcc/arm-none-eabi/13.2.1/../../../../arm-none-eabi/lib/thumb/v7e-m+fp/hard\libcr_nohost_nf.a(__sys_seek.o)
 .debug_info    0x00011b85       0x93 C:/nxp/MCUXpressoIDE_24.12.148/ide/plugins/com.nxp.mcuxpresso.tools.win32_24.12.0.202407110909/tools/bin/../lib/gcc/arm-none-eabi/13.2.1/../../../../arm-none-eabi/lib/thumb/v7e-m+fp/hard\libcr_nohost_nf.a(__sys_tmpnam.o)
 .debug_info    0x00011c18       0x93 C:/nxp/MCUXpressoIDE_24.12.148/ide/plugins/com.nxp.mcuxpresso.tools.win32_24.12.0.202407110909/tools/bin/../lib/gcc/arm-none-eabi/13.2.1/../../../../arm-none-eabi/lib/thumb/v7e-m+fp/hard\libcr_nohost_nf.a(__sys_write.o)

.debug_abbrev   0x00000000     0x39da
 .debug_abbrev  0x00000000      0x10a ./xip/evkbimxrt1050_flexspi_nor_config.o
 .debug_abbrev  0x0000010a       0xe2 ./xip/fsl_flexspi_nor_boot.o
 .debug_abbrev  0x000001ec      0x256 ./utilities/debug_console_lite/fsl_debug_console.o
 .debug_abbrev  0x00000442       0xbd ./utilities/fsl_assert.o
 .debug_abbrev  0x000004ff      0x147 ./startup/startup_mimxrt1052.o
 .debug_abbrev  0x00000646      0x289 ./source/SerialConsole_LEDControl.o
 .debug_abbrev  0x000008cf       0x31 ./source/semihost_hardfault.o
 .debug_abbrev  0x00000900      0x37c ./drivers/fsl_clock.o
 .debug_abbrev  0x00000c7c      0x2af ./drivers/fsl_gpio.o
 .debug_abbrev  0x00000f2b      0x499 ./drivers/fsl_lpuart.o
 .debug_abbrev  0x000013c4      0x1ae ./device/system_MIMXRT1052.o
 .debug_abbrev  0x00001572      0x1e7 ./component/uart/fsl_adapter_lpuart.o
 .debug_abbrev  0x00001759      0x353 ./board/board.o
 .debug_abbrev  0x00001aac      0x349 ./board/clock_config.o
 .debug_abbrev  0x00001df5      0x226 ./board/hardware_init.o
 .debug_abbrev  0x0000201b       0xfb ./board/led.o
 .debug_abbrev  0x00002116      0x29e ./board/pin_mux.o
 .debug_abbrev  0x000023b4       0x70 C:/nxp/MCUXpressoIDE_24.12.148/ide/plugins/com.nxp.mcuxpresso.tools.win32_24.12.0.202407110909/tools/bin/../lib/gcc/arm-none-eabi/13.2.1/../../../../arm-none-eabi/lib/thumb/v7e-m+fp/hard\libcr_nohost_nf.a(_cr__main.o)
 .debug_abbrev  0x00002424       0xb6 C:/nxp/MCUXpressoIDE_24.12.148/ide/plugins/com.nxp.mcuxpresso.tools.win32_24.12.0.202407110909/tools/bin/../lib/gcc/arm-none-eabi/13.2.1/../../../../arm-none-eabi/lib/thumb/v7e-m+fp/hard\libcr_c.a(memcpy.o)
 .debug_abbrev  0x000024da       0xa8 C:/nxp/MCUXpressoIDE_24.12.148/ide/plugins/com.nxp.mcuxpresso.tools.win32_24.12.0.202407110909/tools/bin/../lib/gcc/arm-none-eabi/13.2.1/../../../../arm-none-eabi/lib/thumb/v7e-m+fp/hard\libcr_c.a(memset.o)
 .debug_abbrev  0x00002582      0x284 C:/nxp/MCUXpressoIDE_24.12.148/ide/plugins/com.nxp.mcuxpresso.tools.win32_24.12.0.202407110909/tools/bin/../lib/gcc/arm-none-eabi/13.2.1/../../../../arm-none-eabi/lib/thumb/v7e-m+fp/hard\libcr_c.a(alloc.o)
 .debug_abbrev  0x00002806       0x44 C:/nxp/MCUXpressoIDE_24.12.148/ide/plugins/com.nxp.mcuxpresso.tools.win32_24.12.0.202407110909/tools/bin/../lib/gcc/arm-none-eabi/13.2.1/../../../../arm-none-eabi/lib/thumb/v7e-m+fp/hard\libcr_c.a(errno.o)
 .debug_abbrev  0x0000284a      0x169 C:/nxp/MCUXpressoIDE_24.12.148/ide/plugins/com.nxp.mcuxpresso.tools.win32_24.12.0.202407110909/tools/bin/../lib/gcc/arm-none-eabi/13.2.1/../../../../arm-none-eabi/lib/thumb/v7e-m+fp/hard\libcr_c.a(initio.o)
 .debug_abbrev  0x000029b3       0xe1 C:/nxp/MCUXpressoIDE_24.12.148/ide/plugins/com.nxp.mcuxpresso.tools.win32_24.12.0.202407110909/tools/bin/../lib/gcc/arm-none-eabi/13.2.1/../../../../arm-none-eabi/lib/thumb/v7e-m+fp/hard\libcr_c.a(setvbuf.o)
 .debug_abbrev  0x00002a94       0xa7 C:/nxp/MCUXpressoIDE_24.12.148/ide/plugins/com.nxp.mcuxpresso.tools.win32_24.12.0.202407110909/tools/bin/../lib/gcc/arm-none-eabi/13.2.1/../../../../arm-none-eabi/lib/thumb/v7e-m+fp/hard\libcr_c.a(strlen.o)
 .debug_abbrev  0x00002b3b      0x152 C:/nxp/MCUXpressoIDE_24.12.148/ide/plugins/com.nxp.mcuxpresso.tools.win32_24.12.0.202407110909/tools/bin/../lib/gcc/arm-none-eabi/13.2.1/../../../../arm-none-eabi/lib/thumb/v7e-m+fp/hard\libcr_c.a(_deferredlazyseek.o)
 .debug_abbrev  0x00002c8d      0x119 C:/nxp/MCUXpressoIDE_24.12.148/ide/plugins/com.nxp.mcuxpresso.tools.win32_24.12.0.202407110909/tools/bin/../lib/gcc/arm-none-eabi/13.2.1/../../../../arm-none-eabi/lib/thumb/v7e-m+fp/hard\libcr_c.a(_fdopen.o)
 .debug_abbrev  0x00002da6       0xf1 C:/nxp/MCUXpressoIDE_24.12.148/ide/plugins/com.nxp.mcuxpresso.tools.win32_24.12.0.202407110909/tools/bin/../lib/gcc/arm-none-eabi/13.2.1/../../../../arm-none-eabi/lib/thumb/v7e-m+fp/hard\libcr_c.a(_fflush.o)
 .debug_abbrev  0x00002e97      0x126 C:/nxp/MCUXpressoIDE_24.12.148/ide/plugins/com.nxp.mcuxpresso.tools.win32_24.12.0.202407110909/tools/bin/../lib/gcc/arm-none-eabi/13.2.1/../../../../arm-none-eabi/lib/thumb/v7e-m+fp/hard\libcr_c.a(_writebuf.o)