../drivers/fsl_common_arm.h:232:20:_SDK_AtomicLocalClearAndSet4Byte	48	static
../drivers/fsl_clock.h:1465:20:CLOCK_ControlGate	32	static
../drivers/fsl_clock.h:1482:20:CLOCK_EnableClock	16	static
../drivers/fsl_clock.h:1492:20:CLOCK_DisableClock	16	static
../drivers/fsl_dcdc.c:50:17:DCDC_GetInstance	24	static
../drivers/fsl_dcdc.c:119:6:DCDC_Init	16	static
../drivers/fsl_dcdc.c:133:6:DCDC_Deinit	16	static
../drivers/fsl_dcdc.c:200:6:DCDC_SetClockSource	24	static
../drivers/fsl_dcdc.c:245:6:DCDC_GetDefaultDetectionConfig	16	static
../drivers/fsl_dcdc.c:273:6:DCDC_SetDetectionConfig	24	static
../drivers/fsl_dcdc.c:351:6:DCDC_GetDefaultLowPowerConfig	16	static
../drivers/fsl_dcdc.c:371:6:DCDC_SetLowPowerConfig	24	static
../drivers/fsl_dcdc.c:404:10:DCDC_GetstatusFlags	24	static
../drivers/fsl_dcdc.c:423:6:DCDC_ResetCurrentAlertSignal	16	static
../drivers/fsl_dcdc.c:452:6:DCDC_GetDefaultLoopControlConfig	16	static
../drivers/fsl_dcdc.c:473:6:DCDC_SetLoopControlConfig	24	static
../drivers/fsl_dcdc.c:535:6:DCDC_SetMinPowerConfig	24	static
../drivers/fsl_dcdc.c:718:6:DCDC_AdjustTargetVoltage	32	static
../drivers/fsl_dcdc.c:749:6:DCDC_AdjustRunTargetVoltage	24	static
../drivers/fsl_dcdc.c:780:6:DCDC_AdjustLowPowerTargetVoltage	24	static
../drivers/fsl_dcdc.c:807:6:DCDC_SetInternalRegulatorConfig	24	static
../drivers/fsl_dcdc.c:893:6:DCDC_BootIntoDCM	16	static
../drivers/fsl_dcdc.c:909:6:DCDC_BootIntoCCM	16	static
