C:\Users\xlouzal00\Documents\MCUXpressoIDE_24.12.148\workspace\SerialConsole_LEDControl\CMSIS/core_cm7.h:2143:22:__NVIC_SetPriority	16	static
C:\Users\xlouzal00\Documents\MCUXpressoIDE_24.12.148\workspace\SerialConsole_LEDControl\CMSIS/core_cm7.h:2361:26:SysTick_Config	16	static
../source/SerialConsole_LEDControl.c:40:6:Print_Menu	16	static
../source/SerialConsole_LEDControl.c:62:6:LedControlState_Toggle	16	static
../source/SerialConsole_LEDControl.c:73:6:Global_Led_Toggle	8	static
../source/SerialConsole_LEDControl.c:82:6:SysTick_Handler	8	static
../source/SerialConsole_LEDControl.c:96:6:SysTick_ConfigureInterrupt	16	static
../source/SerialConsole_LEDControl.c:108:5:main	24	static
