C:\Users\xlouzal00\Documents\MCUXpressoIDE_24.12.148\workspace\SerialConsole_LEDControl\CMSIS/core_cm7.h:2143:22:__NVIC_SetPriority	16	static
C:\Users\xlouzal00\Documents\MCUXpressoIDE_24.12.148\workspace\SerialConsole_LEDControl\CMSIS/core_cm7.h:2361:26:SysTick_Config	16	static
C:\Users\xlouzal00\Documents\MCUXpressoIDE_24.12.148\workspace\SerialConsole_LEDControl\drivers/fsl_gpio.h:318:20:GPIO_PortClearInterruptFlags	16	static
../source/SerialConsole_LEDControl.c:69:6:Print_Menu	16	static
../source/SerialConsole_LEDControl.c:91:6:LedControlState_Toggle	16	static
../source/SerialConsole_LEDControl.c:104:6:GPIO5_Combined_0_15_IRQHandler	8	static
../source/SerialConsole_LEDControl.c:128:6:SysTick_Handler	8	static
../source/SerialConsole_LEDControl.c:143:6:SysTick_ConfigureInterrupt	16	static
../source/SerialConsole_LEDControl.c:158:5:main	16	static
